Archive member included to satisfy reference by file (symbol)

c:/program files (x86)/atollic/truestudio for stm32 9.2.0/armtools/bin/../lib/gcc/arm-atollic-eabi/6.3.1/../../../../arm-atollic-eabi/lib/armv7e-m/fpu\libstdc++_nano.a(si_class_type_info.o)
                              Drivers\Expanders\MCP\MCP23008\MCP23008.o (vtable for __cxxabiv1::__si_class_type_info)
c:/program files (x86)/atollic/truestudio for stm32 9.2.0/armtools/bin/../lib/gcc/arm-atollic-eabi/6.3.1/../../../../arm-atollic-eabi/lib/armv7e-m/fpu\libstdc++_nano.a(atexit_arm.o)
                              Src\main.o (__aeabi_atexit)
c:/program files (x86)/atollic/truestudio for stm32 9.2.0/armtools/bin/../lib/gcc/arm-atollic-eabi/6.3.1/../../../../arm-atollic-eabi/lib/armv7e-m/fpu\libstdc++_nano.a(eh_arm.o)
                              Src\main.o (__cxa_end_cleanup)
c:/program files (x86)/atollic/truestudio for stm32 9.2.0/armtools/bin/../lib/gcc/arm-atollic-eabi/6.3.1/../../../../arm-atollic-eabi/lib/armv7e-m/fpu\libstdc++_nano.a(eh_personality.o)
                              Src\main.o (__gxx_personality_v0)
c:/program files (x86)/atollic/truestudio for stm32 9.2.0/armtools/bin/../lib/gcc/arm-atollic-eabi/6.3.1/../../../../arm-atollic-eabi/lib/armv7e-m/fpu\libstdc++_nano.a(del_ops.o)
                              Drivers\Expanders\MCP\MCP23008\MCP23008.o (operator delete(void*, unsigned int))
c:/program files (x86)/atollic/truestudio for stm32 9.2.0/armtools/bin/../lib/gcc/arm-atollic-eabi/6.3.1/../../../../arm-atollic-eabi/lib/armv7e-m/fpu\libstdc++_nano.a(class_type_info.o)
                              c:/program files (x86)/atollic/truestudio for stm32 9.2.0/armtools/bin/../lib/gcc/arm-atollic-eabi/6.3.1/../../../../arm-atollic-eabi/lib/armv7e-m/fpu\libstdc++_nano.a(si_class_type_info.o) (__cxxabiv1::__class_type_info::__do_upcast(__cxxabiv1::__class_type_info const*, void**) const)
c:/program files (x86)/atollic/truestudio for stm32 9.2.0/armtools/bin/../lib/gcc/arm-atollic-eabi/6.3.1/../../../../arm-atollic-eabi/lib/armv7e-m/fpu\libstdc++_nano.a(tinfo.o)
                              c:/program files (x86)/atollic/truestudio for stm32 9.2.0/armtools/bin/../lib/gcc/arm-atollic-eabi/6.3.1/../../../../arm-atollic-eabi/lib/armv7e-m/fpu\libstdc++_nano.a(class_type_info.o) (std::type_info::~type_info())
c:/program files (x86)/atollic/truestudio for stm32 9.2.0/armtools/bin/../lib/gcc/arm-atollic-eabi/6.3.1/../../../../arm-atollic-eabi/lib/armv7e-m/fpu\libstdc++_nano.a(eh_exception.o)
                              c:/program files (x86)/atollic/truestudio for stm32 9.2.0/armtools/bin/../lib/gcc/arm-atollic-eabi/6.3.1/../../../../arm-atollic-eabi/lib/armv7e-m/fpu\libstdc++_nano.a(eh_arm.o) (typeinfo for __cxxabiv1::__forced_unwind)
c:/program files (x86)/atollic/truestudio for stm32 9.2.0/armtools/bin/../lib/gcc/arm-atollic-eabi/6.3.1/../../../../arm-atollic-eabi/lib/armv7e-m/fpu\libstdc++_nano.a(del_op.o)
                              c:/program files (x86)/atollic/truestudio for stm32 9.2.0/armtools/bin/../lib/gcc/arm-atollic-eabi/6.3.1/../../../../arm-atollic-eabi/lib/armv7e-m/fpu\libstdc++_nano.a(del_ops.o) (operator delete(void*))
c:/program files (x86)/atollic/truestudio for stm32 9.2.0/armtools/bin/../lib/gcc/arm-atollic-eabi/6.3.1/../../../../arm-atollic-eabi/lib/armv7e-m/fpu\libstdc++_nano.a(eh_call.o)
                              c:/program files (x86)/atollic/truestudio for stm32 9.2.0/armtools/bin/../lib/gcc/arm-atollic-eabi/6.3.1/../../../../arm-atollic-eabi/lib/armv7e-m/fpu\libstdc++_nano.a(eh_personality.o) (__cxa_call_terminate)
c:/program files (x86)/atollic/truestudio for stm32 9.2.0/armtools/bin/../lib/gcc/arm-atollic-eabi/6.3.1/../../../../arm-atollic-eabi/lib/armv7e-m/fpu\libstdc++_nano.a(pure.o)
                              c:/program files (x86)/atollic/truestudio for stm32 9.2.0/armtools/bin/../lib/gcc/arm-atollic-eabi/6.3.1/../../../../arm-atollic-eabi/lib/armv7e-m/fpu\libstdc++_nano.a(eh_exception.o) (__cxa_pure_virtual)
c:/program files (x86)/atollic/truestudio for stm32 9.2.0/armtools/bin/../lib/gcc/arm-atollic-eabi/6.3.1/../../../../arm-atollic-eabi/lib/armv7e-m/fpu\libstdc++_nano.a(eh_catch.o)
                              c:/program files (x86)/atollic/truestudio for stm32 9.2.0/armtools/bin/../lib/gcc/arm-atollic-eabi/6.3.1/../../../../arm-atollic-eabi/lib/armv7e-m/fpu\libstdc++_nano.a(eh_call.o) (__cxa_begin_catch)
c:/program files (x86)/atollic/truestudio for stm32 9.2.0/armtools/bin/../lib/gcc/arm-atollic-eabi/6.3.1/../../../../arm-atollic-eabi/lib/armv7e-m/fpu\libstdc++_nano.a(eh_terminate.o)
                              c:/program files (x86)/atollic/truestudio for stm32 9.2.0/armtools/bin/../lib/gcc/arm-atollic-eabi/6.3.1/../../../../arm-atollic-eabi/lib/armv7e-m/fpu\libstdc++_nano.a(eh_call.o) (__cxxabiv1::__terminate(void (*)()))
[...]
Memory Configuration

Name             Origin             Length             Attributes
RAM              0x20000000         0x00030000         xrw
CCMRAM           0x10000000         0x00010000         rw
FLASH            0x08000000         0x00200000         xr
*default*        0x00000000         0xffffffff

Linker script and memory map

LOAD c:/program files (x86)/atollic/truestudio for stm32 9.2.0/armtools/bin/../lib/gcc/arm-atollic-eabi/6.3.1/armv7e-m/fpu/crti.o
LOAD c:/program files (x86)/atollic/truestudio for stm32 9.2.0/armtools/bin/../lib/gcc/arm-atollic-eabi/6.3.1/armv7e-m/fpu/crtbegin.o
LOAD Drivers\Expanders\MCP\MCP23008\MCP23008.o
LOAD Drivers\Expanders\MCP\MCP23017\MCP23017.o
LOAD Drivers\Expanders\MCP\MCP230XX.o
LOAD Drivers\LEDDrivers\NXP\PCA9626\PCA9626.o
LOAD Drivers\LEDDrivers\NXP\PCA96XX.o
LOAD Drivers\STM32F4xx_HAL_Driver\Src\stm32f4xx_hal.o
LOAD Drivers\STM32F4xx_HAL_Driver\Src\stm32f4xx_hal_can.o
LOAD Drivers\STM32F4xx_HAL_Driver\Src\stm32f4xx_hal_cortex.o
LOAD Drivers\STM32F4xx_HAL_Driver\Src\stm32f4xx_hal_dma.o
LOAD Drivers\STM32F4xx_HAL_Driver\Src\stm32f4xx_hal_dma2d.o
LOAD Drivers\STM32F4xx_HAL_Driver\Src\stm32f4xx_hal_dma_ex.o
LOAD Drivers\STM32F4xx_HAL_Driver\Src\stm32f4xx_hal_dsi.o
LOAD Drivers\STM32F4xx_HAL_Driver\Src\stm32f4xx_hal_flash.o
LOAD Drivers\STM32F4xx_HAL_Driver\Src\stm32f4xx_hal_flash_ex.o
LOAD Drivers\STM32F4xx_HAL_Driver\Src\stm32f4xx_hal_flash_ramfunc.o
LOAD Drivers\STM32F4xx_HAL_Driver\Src\stm32f4xx_hal_gpio.o
LOAD Drivers\STM32F4xx_HAL_Driver\Src\stm32f4xx_hal_i2c.o
LOAD Drivers\STM32F4xx_HAL_Driver\Src\stm32f4xx_hal_i2c_ex.o
LOAD Drivers\STM32F4xx_HAL_Driver\Src\stm32f4xx_hal_ltdc.o
LOAD Drivers\STM32F4xx_HAL_Driver\Src\stm32f4xx_hal_ltdc_ex.o
LOAD Drivers\STM32F4xx_HAL_Driver\Src\stm32f4xx_hal_pcd.o
LOAD Drivers\STM32F4xx_HAL_Driver\Src\stm32f4xx_hal_pcd_ex.o
LOAD Drivers\STM32F4xx_HAL_Driver\Src\stm32f4xx_hal_pwr.o
LOAD Drivers\STM32F4xx_HAL_Driver\Src\stm32f4xx_hal_pwr_ex.o
LOAD Drivers\STM32F4xx_HAL_Driver\Src\stm32f4xx_hal_rcc.o
LOAD Drivers\STM32F4xx_HAL_Driver\Src\stm32f4xx_hal_rcc_ex.o
LOAD Drivers\STM32F4xx_HAL_Driver\Src\stm32f4xx_hal_spi.o
LOAD Drivers\STM32F4xx_HAL_Driver\Src\stm32f4xx_hal_tim.o
LOAD Drivers\STM32F4xx_HAL_Driver\Src\stm32f4xx_hal_tim_ex.o
LOAD Drivers\STM32F4xx_HAL_Driver\Src\stm32f4xx_ll_usb.o
LOAD Middlewares\ST\STM32_USB_Device_Library\Class\CustomHID\Src\usbd_customhid.o
LOAD Middlewares\ST\STM32_USB_Device_Library\Core\Src\usbd_core.o
LOAD Middlewares\ST\STM32_USB_Device_Library\Core\Src\usbd_ctlreq.o
LOAD Middlewares\ST\STM32_USB_Device_Library\Core\Src\usbd_ioreq.o
LOAD Middlewares\Third_Party\FreeRTOS\Source\CMSIS_RTOS\cmsis_os.o
LOAD Middlewares\Third_Party\FreeRTOS\Source\croutine.o
LOAD Middlewares\Third_Party\FreeRTOS\Source\event_groups.o
LOAD Middlewares\Third_Party\FreeRTOS\Source\list.o
LOAD Middlewares\Third_Party\FreeRTOS\Source\portable\GCC\ARM_CM4F\port.o
LOAD Middlewares\Third_Party\FreeRTOS\Source\portable\MemMang\heap_4.o
LOAD Middlewares\Third_Party\FreeRTOS\Source\queue.o
LOAD Middlewares\Third_Party\FreeRTOS\Source\tasks.o
LOAD Middlewares\Third_Party\FreeRTOS\Source\timers.o
LOAD Src\can.o
LOAD Src\dma2d.o
LOAD Src\freertos.o
LOAD Src\gpio.o
LOAD Src\i2c.o
LOAD Src\ltdc.o
LOAD Src\main.o
LOAD Src\spi.o
LOAD Src\stm32f4xx_hal_msp.o
LOAD Src\stm32f4xx_hal_timebase_tim.o
LOAD Src\stm32f4xx_it.o
LOAD Src\system_stm32f4xx.o
LOAD Src\tim.o
LOAD Src\usb_device.o
LOAD Src\usbd_conf.o
LOAD Src\usbd_custom_hid_if.o
LOAD Src\usbd_desc.o
LOAD startup\startup_stm32f429xx.o
                0x00001000                malloc_getpagesize_P = 0x1000
START GROUP
LOAD c:/program files (x86)/atollic/truestudio for stm32 9.2.0/armtools/bin/../lib/gcc/arm-atollic-eabi/6.3.1/../../../../arm-atollic-eabi/lib/armv7e-m/fpu\libstdc++_nano.a
LOAD c:/program files (x86)/atollic/truestudio for stm32 9.2.0/armtools/bin/../lib/gcc/arm-atollic-eabi/6.3.1/../../../../arm-atollic-eabi/lib/armv7e-m/fpu\libsupc++_nano.a
END GROUP
LOAD c:/program files (x86)/atollic/truestudio for stm32 9.2.0/armtools/bin/../lib/gcc/arm-atollic-eabi/6.3.1/../../../../arm-atollic-eabi/lib/armv7e-m/fpu\libstdc++_nano.a
LOAD c:/program files (x86)/atollic/truestudio for stm32 9.2.0/armtools/bin/../lib/gcc/arm-atollic-eabi/6.3.1/../../../../arm-atollic-eabi/lib/armv7e-m/fpu\libm.a
LOAD c:/program files (x86)/atollic/truestudio for stm32 9.2.0/armtools/bin/../lib/gcc/arm-atollic-eabi/6.3.1/../../../../arm-atollic-eabi/lib/armv7e-m/fpu\libc_nano.a
START GROUP
LOAD c:/program files (x86)/atollic/truestudio for stm32 9.2.0/armtools/bin/../lib/gcc/arm-atollic-eabi/6.3.1/armv7e-m/fpu\libgcc.a
LOAD c:/program files (x86)/atollic/truestudio for stm32 9.2.0/armtools/bin/../lib/gcc/arm-atollic-eabi/6.3.1/../../../../arm-atollic-eabi/lib/armv7e-m/fpu\libc_nano.a
END GROUP
START GROUP
LOAD c:/program files (x86)/atollic/truestudio for stm32 9.2.0/armtools/bin/../lib/gcc/arm-atollic-eabi/6.3.1/armv7e-m/fpu\libgcc.a
LOAD c:/program files (x86)/atollic/truestudio for stm32 9.2.0/armtools/bin/../lib/gcc/arm-atollic-eabi/6.3.1/../../../../arm-atollic-eabi/lib/armv7e-m/fpu\libc_nano.a
LOAD c:/program files (x86)/atollic/truestudio for stm32 9.2.0/armtools/bin/../lib/gcc/arm-atollic-eabi/6.3.1/../../../../arm-atollic-eabi/lib/armv7e-m/fpu\libnosys.a
END GROUP
START GROUP
LOAD c:/program files (x86)/atollic/truestudio for stm32 9.2.0/armtools/bin/../lib/gcc/arm-atollic-eabi/6.3.1/armv7e-m/fpu\libgcc.a
LOAD c:/program files (x86)/atollic/truestudio for stm32 9.2.0/armtools/bin/../lib/gcc/arm-atollic-eabi/6.3.1/../../../../arm-atollic-eabi/lib/armv7e-m/fpu\libc_nano.a
LOAD c:/program files (x86)/atollic/truestudio for stm32 9.2.0/armtools/bin/../lib/gcc/arm-atollic-eabi/6.3.1/../../../../arm-atollic-eabi/lib/armv7e-m/fpu\libnosys.a
END GROUP
LOAD c:/program files (x86)/atollic/truestudio for stm32 9.2.0/armtools/bin/../lib/gcc/arm-atollic-eabi/6.3.1/armv7e-m/fpu/crtend.o
LOAD c:/program files (x86)/atollic/truestudio for stm32 9.2.0/armtools/bin/../lib/gcc/arm-atollic-eabi/6.3.1/armv7e-m/fpu/crtn.o
                0x20030000                _estack = 0x20030000
                0x00000200                _Min_Heap_Size = 0x200
                0x00000400                _Min_Stack_Size = 0x400

.isr_vector     0x08000000      0x1ac
                0x08000000                . = ALIGN (0x4)
 *(.isr_vector)
 .isr_vector    0x08000000      0x1ac startup\startup_stm32f429xx.o
                0x08000000                g_pfnVectors
                0x080001ac                . = ALIGN (0x4)

.text           0x080001b0     0x682c
                0x080001b0                . = ALIGN (0x4)
 *(.text)
 .text          0x080001b0       0x40 c:/program files (x86)/atollic/truestudio for stm32 9.2.0/armtools/bin/../lib/gcc/arm-atollic-eabi/6.3.1/armv7e-m/fpu/crtbegin.o
 .text          0x080001f0       0x14 c:/program files (x86)/atollic/truestudio for stm32 9.2.0/armtools/bin/../lib/gcc/arm-atollic-eabi/6.3.1/../../../../arm-atollic-eabi/lib/armv7e-m/fpu\libc_nano.a(lib_a-strcmp.o)
                0x080001f0                strcmp
 .text          0x08000204       0x30 c:/program files (x86)/atollic/truestudio for stm32 9.2.0/armtools/bin/../lib/gcc/arm-atollic-eabi/6.3.1/armv7e-m/fpu\libgcc.a(_aeabi_uldivmod.o)
                0x08000204                __aeabi_uldivmod
 .text          0x08000234      0x2dc c:/program files (x86)/atollic/truestudio for stm32 9.2.0/armtools/bin/../lib/gcc/arm-atollic-eabi/6.3.1/armv7e-m/fpu\libgcc.a(_udivmoddi4.o)
                0x08000234                __udivmoddi4
 .text          0x08000510      0x9cc c:/program files (x86)/atollic/truestudio for stm32 9.2.0/armtools/bin/../lib/gcc/arm-atollic-eabi/6.3.1/armv7e-m/fpu\libgcc.a(unwind-arm.o)
                0x080007d0                _Unwind_GetCFA
                0x080007d4                __gnu_Unwind_RaiseException
                0x08000834                __gnu_Unwind_ForcedUnwind
                0x08000848                __gnu_Unwind_Resume
                0x0800088c                __gnu_Unwind_Resume_or_Rethrow
                0x0800089c                _Unwind_Complete
                0x080008a0                _Unwind_DeleteException
                0x080008ac                _Unwind_VRS_Get
                0x080008f8                _Unwind_VRS_Set
                0x08000948                __gnu_Unwind_Backtrace
                0x08000c88                __aeabi_unwind_cpp_pr0
                0x08000c8c                __aeabi_unwind_cpp_pr1
                0x08000c90                __aeabi_unwind_cpp_pr2
                0x08000c94                _Unwind_VRS_Pop
 .text          0x08000edc      0x1ac c:/program files (x86)/atollic/truestudio for stm32 9.2.0/armtools/bin/../lib/gcc/arm-atollic-eabi/6.3.1/armv7e-m/fpu\libgcc.a(libunwind.o)
                0x08000edc                __restore_core_regs
                0x08000edc                restore_core_regs
                0x08000ef4                __gnu_Unwind_Restore_VFP
                0x08000efc                __gnu_Unwind_Save_VFP
                0x08000f04                __gnu_Unwind_Restore_VFP_D
                0x08000f0c                __gnu_Unwind_Save_VFP_D
                0x08000f14                __gnu_Unwind_Restore_VFP_D_16_to_31
                0x08000f1c                __gnu_Unwind_Save_VFP_D_16_to_31
                0x08000f24                __gnu_Unwind_Restore_WMMXD
                0x08000f68                __gnu_Unwind_Save_WMMXD
                0x08000fac                __gnu_Unwind_Restore_WMMXC
                0x08000fc0                __gnu_Unwind_Save_WMMXC
                0x08000fd4                ___Unwind_RaiseException
                0x08000fd4                _Unwind_RaiseException
                0x08000ff8                _Unwind_Resume
                0x08000ff8                ___Unwind_Resume
                0x0800101c                _Unwind_Resume_or_Rethrow
                0x0800101c                ___Unwind_Resume_or_Rethrow
                0x08001040                _Unwind_ForcedUnwind
                0x08001040                ___Unwind_ForcedUnwind
                0x08001064                ___Unwind_Backtrace
                0x08001064                _Unwind_Backtrace
 .text          0x08001088      0x380 c:/program files (x86)/atollic/truestudio for stm32 9.2.0/armtools/bin/../lib/gcc/arm-atollic-eabi/6.3.1/armv7e-m/fpu\libgcc.a(pr-support.o)
                0x080010e0                __gnu_unwind_execute
                0x080013b0                __gnu_unwind_frame
                0x080013d8                _Unwind_GetRegionStart
                0x080013e4                _Unwind_GetLanguageSpecificData
                0x080013f8                _Unwind_GetTextRelBase
                0x08001400                _Unwind_GetDataRelBase
 .text          0x08001408        0x4 c:/program files (x86)/atollic/truestudio for stm32 9.2.0/armtools/bin/../lib/gcc/arm-atollic-eabi/6.3.1/armv7e-m/fpu\libgcc.a(_dvmd_tls.o)
                0x08001408                __aeabi_idiv0
                0x08001408                __aeabi_ldiv0
 *(.text*)
 .text._ZN8MCP23008C2Ev
                0x0800140c       0x2c Drivers\Expanders\MCP\MCP23008\MCP23008.o
                0x0800140c                MCP23008::MCP23008()
                0x0800140c                MCP23008::MCP23008()
 .text._ZN8MCP23008D2Ev
                0x08001438       0x24 Drivers\Expanders\MCP\MCP23008\MCP23008.o
                0x08001438                MCP23008::~MCP23008()
                0x08001438                MCP23008::~MCP23008()
 .text._ZN8MCP23008D0Ev
                0x0800145c       0x20 Drivers\Expanders\MCP\MCP23008\MCP23008.o
                0x0800145c                MCP23008::~MCP23008()
 .text._ZN8MCP23017C2Ev
                0x0800147c       0x2c Drivers\Expanders\MCP\MCP23017\MCP23017.o
                0x0800147c                MCP23017::MCP23017()
                0x0800147c                MCP23017::MCP23017()
 .text._ZN8MCP23017D2Ev
                0x080014a8       0x24 Drivers\Expanders\MCP\MCP23017\MCP23017.o
                0x080014a8                MCP23017::~MCP23017()
                0x080014a8                MCP23017::~MCP23017()
 .text._ZN8MCP23017D0Ev
                0x080014cc       0x20 Drivers\Expanders\MCP\MCP23017\MCP23017.o
                0x080014cc                MCP23017::~MCP23017()
 .text._ZN8MCP230XXC2Ev
                0x080014ec       0x20 Drivers\Expanders\MCP\MCP230XX.o
                0x080014ec                MCP230XX::MCP230XX()
                0x080014ec                MCP230XX::MCP230XX()
 .text._ZN8MCP230XXD2Ev
                0x0800150c       0x20 Drivers\Expanders\MCP\MCP230XX.o
                0x0800150c                MCP230XX::~MCP230XX()
                0x0800150c                MCP230XX::~MCP230XX()
 .text._ZN8MCP230XXD0Ev
                0x0800152c       0x20 Drivers\Expanders\MCP\MCP230XX.o
                0x0800152c                MCP230XX::~MCP230XX()
 .text.HAL_Init
                0x0800154c       0x34 Drivers\STM32F4xx_HAL_Driver\Src\stm32f4xx_hal.o
                0x0800154c                HAL_Init
 .text.HAL_IncTick
                0x08001580       0x18 Drivers\STM32F4xx_HAL_Driver\Src\stm32f4xx_hal.o
                0x08001580                HAL_IncTick
 .text.HAL_GetTick
                0x08001598        0xc Drivers\STM32F4xx_HAL_Driver\Src\stm32f4xx_hal.o
                0x08001598                HAL_GetTick
 .text.HAL_Delay
                0x080015a4       0x28 Drivers\STM32F4xx_HAL_Driver\Src\stm32f4xx_hal.o
                0x080015a4                HAL_Delay
 .text.HAL_CAN_Init
                0x080015cc       0xf6 Drivers\STM32F4xx_HAL_Driver\Src\stm32f4xx_hal_can.o
                0x080015cc                HAL_CAN_Init
 *fill*         0x080016c2        0x2 
 .text.HAL_NVIC_SetPriorityGrouping
                0x080016c4       0x24 Drivers\STM32F4xx_HAL_Driver\Src\stm32f4xx_hal_cortex.o
                0x080016c4                HAL_NVIC_SetPriorityGrouping
 .text.HAL_NVIC_SetPriority
                0x080016e8       0x68 Drivers\STM32F4xx_HAL_Driver\Src\stm32f4xx_hal_cortex.o
                0x080016e8                HAL_NVIC_SetPriority
 .text.HAL_NVIC_EnableIRQ
                0x08001750       0x18 Drivers\STM32F4xx_HAL_Driver\Src\stm32f4xx_hal_cortex.o
                0x08001750                HAL_NVIC_EnableIRQ
 .text.HAL_DMA2D_Init
                0x08001768       0x58 Drivers\STM32F4xx_HAL_Driver\Src\stm32f4xx_hal_dma2d.o
                0x08001768                HAL_DMA2D_Init
 .text.HAL_DMA2D_ConfigLayer
                0x080017c0       0xa8 Drivers\STM32F4xx_HAL_Driver\Src\stm32f4xx_hal_dma2d.o
                0x080017c0                HAL_DMA2D_ConfigLayer
 .text.HAL_GPIO_Init
                0x08001868      0x1d8 Drivers\STM32F4xx_HAL_Driver\Src\stm32f4xx_hal_gpio.o
                0x08001868                HAL_GPIO_Init
 .text.HAL_I2C_Init
                0x08001a40       0xdc Drivers\STM32F4xx_HAL_Driver\Src\stm32f4xx_hal_i2c.o
                0x08001a40                HAL_I2C_Init
 .text.HAL_I2CEx_ConfigAnalogFilter
                0x08001b1c       0x3e Drivers\STM32F4xx_HAL_Driver\Src\stm32f4xx_hal_i2c_ex.o
                0x08001b1c                HAL_I2CEx_ConfigAnalogFilter
 .text.HAL_I2CEx_ConfigDigitalFilter
                0x08001b5a       0x3e Drivers\STM32F4xx_HAL_Driver\Src\stm32f4xx_hal_i2c_ex.o
                0x08001b5a                HAL_I2CEx_ConfigDigitalFilter
 .text.LTDC_SetConfig
                0x08001b98      0x10c Drivers\STM32F4xx_HAL_Driver\Src\stm32f4xx_hal_ltdc.o
 .text.HAL_LTDC_Init
                0x08001ca4       0xd8 Drivers\STM32F4xx_HAL_Driver\Src\stm32f4xx_hal_ltdc.o
                0x08001ca4                HAL_LTDC_Init
 .text.HAL_LTDC_ConfigLayer
                0x08001d7c       0x52 Drivers\STM32F4xx_HAL_Driver\Src\stm32f4xx_hal_ltdc.o
                0x08001d7c                HAL_LTDC_ConfigLayer
 .text.HAL_PCD_Init
                0x08001dce       0xd8 Drivers\STM32F4xx_HAL_Driver\Src\stm32f4xx_hal_pcd.o
                0x08001dce                HAL_PCD_Init
 .text.HAL_PCD_Start
                0x08001ea6       0x2a Drivers\STM32F4xx_HAL_Driver\Src\stm32f4xx_hal_pcd.o
                0x08001ea6                HAL_PCD_Start
 .text.HAL_PCD_IRQHandler
                0x08001ed0      0x558 Drivers\STM32F4xx_HAL_Driver\Src\stm32f4xx_hal_pcd.o
                0x08001ed0                HAL_PCD_IRQHandler
 .text.HAL_PCD_SetAddress
                0x08002428       0x24 Drivers\STM32F4xx_HAL_Driver\Src\stm32f4xx_hal_pcd.o
                0x08002428                HAL_PCD_SetAddress
 .text.HAL_PCD_EP_Open
                0x0800244c       0x5c Drivers\STM32F4xx_HAL_Driver\Src\stm32f4xx_hal_pcd.o
                0x0800244c                HAL_PCD_EP_Open
 .text.HAL_PCD_EP_Close
                0x080024a8       0x46 Drivers\STM32F4xx_HAL_Driver\Src\stm32f4xx_hal_pcd.o
                0x080024a8                HAL_PCD_EP_Close
 .text.HAL_PCD_EP_Receive
                0x080024ee       0x48 Drivers\STM32F4xx_HAL_Driver\Src\stm32f4xx_hal_pcd.o
                0x080024ee                HAL_PCD_EP_Receive
 .text.HAL_PCD_EP_Transmit
                0x08002536       0x40 Drivers\STM32F4xx_HAL_Driver\Src\stm32f4xx_hal_pcd.o
                0x08002536                HAL_PCD_EP_Transmit
 .text.HAL_PCD_EP_SetStall
                0x08002576       0x58 Drivers\STM32F4xx_HAL_Driver\Src\stm32f4xx_hal_pcd.o
                0x08002576                HAL_PCD_EP_SetStall
 .text.HAL_PCD_EP_ClrStall
                0x080025ce       0x4a Drivers\STM32F4xx_HAL_Driver\Src\stm32f4xx_hal_pcd.o
                0x080025ce                HAL_PCD_EP_ClrStall
 .text.HAL_PCDEx_SetTxFiFo
                0x08002618       0x42 Drivers\STM32F4xx_HAL_Driver\Src\stm32f4xx_hal_pcd_ex.o
                0x08002618                HAL_PCDEx_SetTxFiFo
 .text.HAL_PCDEx_SetRxFiFo
                0x0800265a        0x8 Drivers\STM32F4xx_HAL_Driver\Src\stm32f4xx_hal_pcd_ex.o
                0x0800265a                HAL_PCDEx_SetRxFiFo
 *fill*         0x08002662        0x2 
 .text.HAL_RCC_OscConfig
                0x08002664      0x304 Drivers\STM32F4xx_HAL_Driver\Src\stm32f4xx_hal_rcc.o
                0x08002664                HAL_RCC_OscConfig
 .text.HAL_RCC_GetSysClockFreq
                0x08002968       0x5c Drivers\STM32F4xx_HAL_Driver\Src\stm32f4xx_hal_rcc.o
                0x08002968                HAL_RCC_GetSysClockFreq
 .text.HAL_RCC_ClockConfig
                0x080029c4      0x134 Drivers\STM32F4xx_HAL_Driver\Src\stm32f4xx_hal_rcc.o
                0x080029c4                HAL_RCC_ClockConfig
 .text.HAL_RCC_GetHCLKFreq
                0x08002af8        0xc Drivers\STM32F4xx_HAL_Driver\Src\stm32f4xx_hal_rcc.o
                0x08002af8                HAL_RCC_GetHCLKFreq
 .text.HAL_RCC_GetPCLK1Freq
                0x08002b04       0x20 Drivers\STM32F4xx_HAL_Driver\Src\stm32f4xx_hal_rcc.o
                0x08002b04                HAL_RCC_GetPCLK1Freq
 .text.HAL_RCC_GetPCLK2Freq
                0x08002b24       0x20 Drivers\STM32F4xx_HAL_Driver\Src\stm32f4xx_hal_rcc.o
                0x08002b24                HAL_RCC_GetPCLK2Freq
 .text.HAL_RCC_GetClockConfig
                0x08002b44       0x3c Drivers\STM32F4xx_HAL_Driver\Src\stm32f4xx_hal_rcc.o
                0x08002b44                HAL_RCC_GetClockConfig
 .text.HAL_RCCEx_PeriphCLKConfig
                0x08002b80      0x230 Drivers\STM32F4xx_HAL_Driver\Src\stm32f4xx_hal_rcc_ex.o
                0x08002b80                HAL_RCCEx_PeriphCLKConfig
 .text.HAL_SPI_Init
                0x08002db0       0x7a Drivers\STM32F4xx_HAL_Driver\Src\stm32f4xx_hal_spi.o
                0x08002db0                HAL_SPI_Init
 .text.HAL_TIM_Base_Start_IT
                0x08002e2a       0x16 Drivers\STM32F4xx_HAL_Driver\Src\stm32f4xx_hal_tim.o
                0x08002e2a                HAL_TIM_Base_Start_IT
 .text.HAL_TIM_OC_DelayElapsedCallback
                0x08002e40        0x2 Drivers\STM32F4xx_HAL_Driver\Src\stm32f4xx_hal_tim.o
                0x08002e40                HAL_TIM_OC_DelayElapsedCallback
 .text.HAL_TIM_IC_CaptureCallback
                0x08002e42        0x2 Drivers\STM32F4xx_HAL_Driver\Src\stm32f4xx_hal_tim.o
                0x08002e42                HAL_TIM_IC_CaptureCallback
 .text.HAL_TIM_PWM_PulseFinishedCallback
                0x08002e44        0x2 Drivers\STM32F4xx_HAL_Driver\Src\stm32f4xx_hal_tim.o
                0x08002e44                HAL_TIM_PWM_PulseFinishedCallback
 .text.HAL_TIM_TriggerCallback
                0x08002e46        0x2 Drivers\STM32F4xx_HAL_Driver\Src\stm32f4xx_hal_tim.o
                0x08002e46                HAL_TIM_TriggerCallback
 .text.HAL_TIM_IRQHandler
                0x08002e48      0x144 Drivers\STM32F4xx_HAL_Driver\Src\stm32f4xx_hal_tim.o
                0x08002e48                HAL_TIM_IRQHandler
 .text.TIM_Base_SetConfig
                0x08002f8c       0xc8 Drivers\STM32F4xx_HAL_Driver\Src\stm32f4xx_hal_tim.o
                0x08002f8c                TIM_Base_SetConfig
 .text.HAL_TIM_Base_Init
                0x08003054       0x34 Drivers\STM32F4xx_HAL_Driver\Src\stm32f4xx_hal_tim.o
                0x08003054                HAL_TIM_Base_Init
 .text.HAL_TIMEx_MasterConfigSynchronization
                0x08003088       0x44 Drivers\STM32F4xx_HAL_Driver\Src\stm32f4xx_hal_tim_ex.o
                0x08003088                HAL_TIMEx_MasterConfigSynchronization
 .text.HAL_TIMEx_CommutationCallback
                0x080030cc        0x2 Drivers\STM32F4xx_HAL_Driver\Src\stm32f4xx_hal_tim_ex.o
                0x080030cc                HAL_TIMEx_CommutationCallback
 .text.HAL_TIMEx_BreakCallback
                0x080030ce        0x2 Drivers\STM32F4xx_HAL_Driver\Src\stm32f4xx_hal_tim_ex.o
                0x080030ce                HAL_TIMEx_BreakCallback
 .text.USB_CoreInit
                0x080030d0       0x74 Drivers\STM32F4xx_HAL_Driver\Src\stm32f4xx_ll_usb.o
                0x080030d0                USB_CoreInit
 .text.USB_EnableGlobalInt
                0x08003144        0xc Drivers\STM32F4xx_HAL_Driver\Src\stm32f4xx_ll_usb.o
                0x08003144                USB_EnableGlobalInt
 .text.USB_DisableGlobalInt
                0x08003150        0xc Drivers\STM32F4xx_HAL_Driver\Src\stm32f4xx_ll_usb.o
                0x08003150                USB_DisableGlobalInt
 .text.USB_SetCurrentMode
                0x0800315c       0x2e Drivers\STM32F4xx_HAL_Driver\Src\stm32f4xx_ll_usb.o
                0x0800315c                USB_SetCurrentMode
 *fill*         0x0800318a        0x2 
 .text.USB_DevInit
                0x0800318c      0x138 Drivers\STM32F4xx_HAL_Driver\Src\stm32f4xx_ll_usb.o
                0x0800318c                USB_DevInit
 .text.USB_FlushTxFifo
                0x080032c4       0x24 Drivers\STM32F4xx_HAL_Driver\Src\stm32f4xx_ll_usb.o
                0x080032c4                USB_FlushTxFifo
 .text.USB_FlushRxFifo
                0x080032e8       0x20 Drivers\STM32F4xx_HAL_Driver\Src\stm32f4xx_ll_usb.o
                0x080032e8                USB_FlushRxFifo
 .text.USB_SetDevSpeed
                0x08003308        0xe Drivers\STM32F4xx_HAL_Driver\Src\stm32f4xx_ll_usb.o
                0x08003308                USB_SetDevSpeed
 .text.USB_GetDevSpeed
                0x08003316       0x36 Drivers\STM32F4xx_HAL_Driver\Src\stm32f4xx_ll_usb.o
                0x08003316                USB_GetDevSpeed
 .text.USB_ActivateEndpoint
                0x0800334c       0x7e Drivers\STM32F4xx_HAL_Driver\Src\stm32f4xx_ll_usb.o
                0x0800334c                USB_ActivateEndpoint
 .text.USB_DeactivateEndpoint
                0x080033ca        0x4 Drivers\STM32F4xx_HAL_Driver\Src\stm32f4xx_ll_usb.o
                0x080033ca                USB_DeactivateEndpoint
 *fill*         0x080033ce        0x2 
 .text.USB_DeactivateDedicatedEndpoint
                0x080033d0       0xb0 Drivers\STM32F4xx_HAL_Driver\Src\stm32f4xx_ll_usb.o
                0x080033d0                USB_DeactivateDedicatedEndpoint
 .text.USB_EPStartXfer
                0x08003480      0x18c Drivers\STM32F4xx_HAL_Driver\Src\stm32f4xx_ll_usb.o
                0x08003480                USB_EPStartXfer
 .text.USB_EP0StartXfer
                0x0800360c       0xda Drivers\STM32F4xx_HAL_Driver\Src\stm32f4xx_ll_usb.o
                0x0800360c                USB_EP0StartXfer
 .text.USB_WritePacket
                0x080036e6       0x28 Drivers\STM32F4xx_HAL_Driver\Src\stm32f4xx_ll_usb.o
                0x080036e6                USB_WritePacket
 .text.USB_ReadPacket
                0x0800370e       0x1c Drivers\STM32F4xx_HAL_Driver\Src\stm32f4xx_ll_usb.o
                0x0800370e                USB_ReadPacket
 .text.USB_EPSetStall
                0x0800372a       0x3e Drivers\STM32F4xx_HAL_Driver\Src\stm32f4xx_ll_usb.o
                0x0800372a                USB_EPSetStall
 .text.USB_EPClearStall
                0x08003768       0x32 Drivers\STM32F4xx_HAL_Driver\Src\stm32f4xx_ll_usb.o
                0x08003768                USB_EPClearStall
 .text.USB_SetDevAddress
                0x0800379a       0x20 Drivers\STM32F4xx_HAL_Driver\Src\stm32f4xx_ll_usb.o
                0x0800379a                USB_SetDevAddress
 .text.USB_DevConnect
                0x080037ba       0x18 Drivers\STM32F4xx_HAL_Driver\Src\stm32f4xx_ll_usb.o
                0x080037ba                USB_DevConnect
 .text.USB_DevDisconnect
                0x080037d2       0x18 Drivers\STM32F4xx_HAL_Driver\Src\stm32f4xx_ll_usb.o
                0x080037d2                USB_DevDisconnect
 .text.USB_ReadInterrupts
                0x080037ea        0x8 Drivers\STM32F4xx_HAL_Driver\Src\stm32f4xx_ll_usb.o
                0x080037ea                USB_ReadInterrupts
 .text.USB_ReadDevAllOutEpInterrupt
                0x080037f2       0x10 Drivers\STM32F4xx_HAL_Driver\Src\stm32f4xx_ll_usb.o
                0x080037f2                USB_ReadDevAllOutEpInterrupt
 .text.USB_ReadDevAllInEpInterrupt
                0x08003802       0x10 Drivers\STM32F4xx_HAL_Driver\Src\stm32f4xx_ll_usb.o
                0x08003802                USB_ReadDevAllInEpInterrupt
 .text.USB_ReadDevOutEPInterrupt
                0x08003812       0x14 Drivers\STM32F4xx_HAL_Driver\Src\stm32f4xx_ll_usb.o
                0x08003812                USB_ReadDevOutEPInterrupt
 .text.USB_ReadDevInEPInterrupt
                0x08003826       0x20 Drivers\STM32F4xx_HAL_Driver\Src\stm32f4xx_ll_usb.o
                0x08003826                USB_ReadDevInEPInterrupt
 .text.USB_GetMode
                0x08003846        0x8 Drivers\STM32F4xx_HAL_Driver\Src\stm32f4xx_ll_usb.o
                0x08003846                USB_GetMode
 .text.USB_ActivateSetup
                0x0800384e       0x36 Drivers\STM32F4xx_HAL_Driver\Src\stm32f4xx_ll_usb.o
                0x0800384e                USB_ActivateSetup
 .text.USB_EP0_OutStart
                0x08003884       0x46 Drivers\STM32F4xx_HAL_Driver\Src\stm32f4xx_ll_usb.o
                0x08003884                USB_EP0_OutStart
 *fill*         0x080038ca        0x2 
 .text.USB_CoreReset
                0x080038cc       0x30 Drivers\STM32F4xx_HAL_Driver\Src\stm32f4xx_ll_usb.o
 .text.USBD_CUSTOM_HID_GetCfgDesc
                0x080038fc        0xc Middlewares\ST\STM32_USB_Device_Library\Class\CustomHID\Src\usbd_customhid.o
 .text.USBD_CUSTOM_HID_DataIn
                0x08003908        0xa Middlewares\ST\STM32_USB_Device_Library\Class\CustomHID\Src\usbd_customhid.o
 .text.USBD_CUSTOM_HID_EP0_RxReady
                0x08003912       0x20 Middlewares\ST\STM32_USB_Device_Library\Class\CustomHID\Src\usbd_customhid.o
 *fill*         0x08003932        0x2 
 .text.USBD_CUSTOM_HID_GetDeviceQualifierDesc
                0x08003934        0xc Middlewares\ST\STM32_USB_Device_Library\Class\CustomHID\Src\usbd_customhid.o
 .text.USBD_CUSTOM_HID_DataOut
                0x08003940       0x24 Middlewares\ST\STM32_USB_Device_Library\Class\CustomHID\Src\usbd_customhid.o
 .text.USBD_CUSTOM_HID_Setup
                0x08003964       0xbc Middlewares\ST\STM32_USB_Device_Library\Class\CustomHID\Src\usbd_customhid.o
 .text.USBD_CUSTOM_HID_DeInit
                0x08003a20       0x32 Middlewares\ST\STM32_USB_Device_Library\Class\CustomHID\Src\usbd_customhid.o
 .text.USBD_CUSTOM_HID_Init
                0x08003a52       0x48 Middlewares\ST\STM32_USB_Device_Library\Class\CustomHID\Src\usbd_customhid.o
 .text.USBD_CUSTOM_HID_RegisterInterface
                0x08003a9a        0xe Middlewares\ST\STM32_USB_Device_Library\Class\CustomHID\Src\usbd_customhid.o
                0x08003a9a                USBD_CUSTOM_HID_RegisterInterface
 .text.USBD_Init
                0x08003aa8       0x2a Middlewares\ST\STM32_USB_Device_Library\Core\Src\usbd_core.o
                0x08003aa8                USBD_Init
 .text.USBD_RegisterClass
                0x08003ad2        0xe Middlewares\ST\STM32_USB_Device_Library\Core\Src\usbd_core.o
                0x08003ad2                USBD_RegisterClass
 .text.USBD_Start
                0x08003ae0        0xa Middlewares\ST\STM32_USB_Device_Library\Core\Src\usbd_core.o
                0x08003ae0                USBD_Start
 .text.USBD_SetClassConfig
                0x08003aea       0x16 Middlewares\ST\STM32_USB_Device_Library\Core\Src\usbd_core.o
                0x08003aea                USBD_SetClassConfig
 .text.USBD_ClrClassConfig
                0x08003b00        0xe Middlewares\ST\STM32_USB_Device_Library\Core\Src\usbd_core.o
                0x08003b00                USBD_ClrClassConfig
 .text.USBD_LL_SetupStage
                0x08003b0e       0x5a Middlewares\ST\STM32_USB_Device_Library\Core\Src\usbd_core.o
                0x08003b0e                USBD_LL_SetupStage
 .text.USBD_LL_DataOutStage
                0x08003b68       0x64 Middlewares\ST\STM32_USB_Device_Library\Core\Src\usbd_core.o
                0x08003b68                USBD_LL_DataOutStage
 .text.USBD_LL_DataInStage
                0x08003bcc       0x9e Middlewares\ST\STM32_USB_Device_Library\Core\Src\usbd_core.o
                0x08003bcc                USBD_LL_DataInStage
 .text.USBD_LL_Reset
                0x08003c6a       0x3e Middlewares\ST\STM32_USB_Device_Library\Core\Src\usbd_core.o
                0x08003c6a                USBD_LL_Reset
 .text.USBD_LL_SetSpeed
                0x08003ca8        0x6 Middlewares\ST\STM32_USB_Device_Library\Core\Src\usbd_core.o
                0x08003ca8                USBD_LL_SetSpeed
 .text.USBD_LL_Suspend
                0x08003cae       0x12 Middlewares\ST\STM32_USB_Device_Library\Core\Src\usbd_core.o
                0x08003cae                USBD_LL_Suspend
 .text.USBD_LL_Resume
                0x08003cc0        0xc Middlewares\ST\STM32_USB_Device_Library\Core\Src\usbd_core.o
                0x08003cc0                USBD_LL_Resume
 .text.USBD_LL_SOF
                0x08003ccc       0x18 Middlewares\ST\STM32_USB_Device_Library\Core\Src\usbd_core.o
                0x08003ccc                USBD_LL_SOF
 .text.USBD_LL_IsoINIncomplete
                0x08003ce4        0x4 Middlewares\ST\STM32_USB_Device_Library\Core\Src\usbd_core.o
                0x08003ce4                USBD_LL_IsoINIncomplete
 .text.USBD_LL_IsoOUTIncomplete
                0x08003ce8        0x4 Middlewares\ST\STM32_USB_Device_Library\Core\Src\usbd_core.o
                0x08003ce8                USBD_LL_IsoOUTIncomplete
 .text.USBD_LL_DevConnected
                0x08003cec        0x4 Middlewares\ST\STM32_USB_Device_Library\Core\Src\usbd_core.o
                0x08003cec                USBD_LL_DevConnected
 .text.USBD_LL_DevDisconnected
                0x08003cf0       0x16 Middlewares\ST\STM32_USB_Device_Library\Core\Src\usbd_core.o
                0x08003cf0                USBD_LL_DevDisconnected
 .text.USBD_CtlError.constprop.0
                0x08003d06       0x16 Middlewares\ST\STM32_USB_Device_Library\Core\Src\usbd_ctlreq.o
 .text.USBD_StdDevReq
                0x08003d1c      0x204 Middlewares\ST\STM32_USB_Device_Library\Core\Src\usbd_ctlreq.o
                0x08003d1c                USBD_StdDevReq
 .text.USBD_StdItfReq
                0x08003f20       0x30 Middlewares\ST\STM32_USB_Device_Library\Core\Src\usbd_ctlreq.o
                0x08003f20                USBD_StdItfReq
 .text.USBD_StdEPReq
                0x08003f50       0xc6 Middlewares\ST\STM32_USB_Device_Library\Core\Src\usbd_ctlreq.o
                0x08003f50                USBD_StdEPReq
 .text.USBD_ParseSetupRequest
                0x08004016       0x28 Middlewares\ST\STM32_USB_Device_Library\Core\Src\usbd_ctlreq.o
                0x08004016                USBD_ParseSetupRequest
 .text.USBD_CtlError
                0x0800403e       0x16 Middlewares\ST\STM32_USB_Device_Library\Core\Src\usbd_ctlreq.o
                0x0800403e                USBD_CtlError
 .text.USBD_GetString
                0x08004054       0x38 Middlewares\ST\STM32_USB_Device_Library\Core\Src\usbd_ctlreq.o
                0x08004054                USBD_GetString
 .text.USBD_CtlSendData
                0x0800408c       0x1a Middlewares\ST\STM32_USB_Device_Library\Core\Src\usbd_ioreq.o
                0x0800408c                USBD_CtlSendData
 .text.USBD_CtlContinueSendData
                0x080040a6       0x10 Middlewares\ST\STM32_USB_Device_Library\Core\Src\usbd_ioreq.o
                0x080040a6                USBD_CtlContinueSendData
 .text.USBD_CtlPrepareRx
                0x080040b6       0x1e Middlewares\ST\STM32_USB_Device_Library\Core\Src\usbd_ioreq.o
                0x080040b6                USBD_CtlPrepareRx
 .text.USBD_CtlContinueRx
                0x080040d4       0x10 Middlewares\ST\STM32_USB_Device_Library\Core\Src\usbd_ioreq.o
                0x080040d4                USBD_CtlContinueRx
 .text.USBD_CtlSendStatus
                0x080040e4       0x16 Middlewares\ST\STM32_USB_Device_Library\Core\Src\usbd_ioreq.o
                0x080040e4                USBD_CtlSendStatus
 .text.USBD_CtlReceiveStatus
                0x080040fa       0x16 Middlewares\ST\STM32_USB_Device_Library\Core\Src\usbd_ioreq.o
                0x080040fa                USBD_CtlReceiveStatus
 .text.osKernelStart
                0x08004110        0xa Middlewares\Third_Party\FreeRTOS\Source\CMSIS_RTOS\cmsis_os.o
                0x08004110                osKernelStart
 .text.osThreadCreate
                0x0800411a       0x30 Middlewares\Third_Party\FreeRTOS\Source\CMSIS_RTOS\cmsis_os.o
                0x0800411a                osThreadCreate
 .text.osDelay  0x0800414a       0x10 Middlewares\Third_Party\FreeRTOS\Source\CMSIS_RTOS\cmsis_os.o
                0x0800414a                osDelay
 .text.vListInitialise
                0x0800415a       0x16 Middlewares\Third_Party\FreeRTOS\Source\list.o
                0x0800415a                vListInitialise
 .text.vListInitialiseItem
                0x08004170        0x6 Middlewares\Third_Party\FreeRTOS\Source\list.o
                0x08004170                vListInitialiseItem
 .text.vListInsertEnd
                0x08004176       0x18 Middlewares\Third_Party\FreeRTOS\Source\list.o
                0x08004176                vListInsertEnd
 .text.vListInsert
                0x0800418e       0x2e Middlewares\Third_Party\FreeRTOS\Source\list.o
                0x0800418e                vListInsert
 .text.uxListRemove
                0x080041bc       0x20 Middlewares\Third_Party\FreeRTOS\Source\list.o
                0x080041bc                uxListRemove
 .text.prvTaskExitError
                0x080041dc       0x30 Middlewares\Third_Party\FreeRTOS\Source\portable\GCC\ARM_CM4F\port.o
 .text.prvPortStartFirstTask
                0x0800420c       0x20 Middlewares\Third_Party\FreeRTOS\Source\portable\GCC\ARM_CM4F\port.o
 .text.vPortEnableVFP
                0x0800422c       0x14 Middlewares\Third_Party\FreeRTOS\Source\portable\GCC\ARM_CM4F\port.o
 .text.pxPortInitialiseStack
                0x08004240       0x2c Middlewares\Third_Party\FreeRTOS\Source\portable\GCC\ARM_CM4F\port.o
                0x08004240                pxPortInitialiseStack
 *fill*         0x0800426c        0x4 
 .text.SVC_Handler
                0x08004270       0x24 Middlewares\Third_Party\FreeRTOS\Source\portable\GCC\ARM_CM4F\port.o
                0x08004270                SVC_Handler
 .text.vPortEnterCritical
                0x08004294       0x44 Middlewares\Third_Party\FreeRTOS\Source\portable\GCC\ARM_CM4F\port.o
                0x08004294                vPortEnterCritical
 .text.vPortExitCritical
                0x080042d8       0x28 Middlewares\Third_Party\FreeRTOS\Source\portable\GCC\ARM_CM4F\port.o
                0x080042d8                vPortExitCritical
 .text.PendSV_Handler
                0x08004300       0x64 Middlewares\Third_Party\FreeRTOS\Source\portable\GCC\ARM_CM4F\port.o
                0x08004300                PendSV_Handler
 .text.SysTick_Handler
                0x08004364       0x2c Middlewares\Third_Party\FreeRTOS\Source\portable\GCC\ARM_CM4F\port.o
                0x08004364                SysTick_Handler
 .text.vPortSetupTimerInterrupt
                0x08004390       0x28 Middlewares\Third_Party\FreeRTOS\Source\portable\GCC\ARM_CM4F\port.o
                0x08004390                vPortSetupTimerInterrupt
 .text.xPortStartScheduler
                0x080043b8       0xec Middlewares\Third_Party\FreeRTOS\Source\portable\GCC\ARM_CM4F\port.o
                0x080043b8                xPortStartScheduler
 .text.unlikely.prvInsertBlockIntoFreeList
                0x080044a4       0x48 Middlewares\Third_Party\FreeRTOS\Source\portable\MemMang\heap_4.o
 .text.pvPortMalloc
                0x080044ec      0x11c Middlewares\Third_Party\FreeRTOS\Source\portable\MemMang\heap_4.o
                0x080044ec                pvPortMalloc
 .text.vPortFree
                0x08004608       0x70 Middlewares\Third_Party\FreeRTOS\Source\portable\MemMang\heap_4.o
                0x08004608                vPortFree
 .text.prvResetNextTaskUnblockTime
                0x08004678       0x24 Middlewares\Third_Party\FreeRTOS\Source\tasks.o
 .text.prvAddCurrentTaskToDelayedList
                0x0800469c       0x8c Middlewares\Third_Party\FreeRTOS\Source\tasks.o
 .text.xTaskCreate
                0x08004728      0x1a0 Middlewares\Third_Party\FreeRTOS\Source\tasks.o
                0x08004728                xTaskCreate
 .text.vTaskStartScheduler
                0x080048c8       0x78 Middlewares\Third_Party\FreeRTOS\Source\tasks.o
                0x080048c8                vTaskStartScheduler
 .text.vTaskSuspendAll
                0x08004940       0x10 Middlewares\Third_Party\FreeRTOS\Source\tasks.o
                0x08004940                vTaskSuspendAll
 .text.xTaskIncrementTick
                0x08004950      0x124 Middlewares\Third_Party\FreeRTOS\Source\tasks.o
                0x08004950                xTaskIncrementTick
 .text.xTaskResumeAll
                0x08004a74       0xf0 Middlewares\Third_Party\FreeRTOS\Source\tasks.o
                0x08004a74                xTaskResumeAll
 .text.vTaskDelay
                0x08004b64       0x48 Middlewares\Third_Party\FreeRTOS\Source\tasks.o
                0x08004b64                vTaskDelay
 .text.prvIdleTask
                0x08004bac       0x74 Middlewares\Third_Party\FreeRTOS\Source\tasks.o
 .text.vTaskSwitchContext
                0x08004c20       0x74 Middlewares\Third_Party\FreeRTOS\Source\tasks.o
                0x08004c20                vTaskSwitchContext
 .text.MX_CAN1_Init
                0x08004c94       0x3c Src\can.o
                0x08004c94                MX_CAN1_Init
 .text.HAL_CAN_MspInit
                0x08004cd0       0x68 Src\can.o
                0x08004cd0                HAL_CAN_MspInit
 .text.MX_DMA2D_Init
                0x08004d38       0x40 Src\dma2d.o
                0x08004d38                MX_DMA2D_Init
 .text.HAL_DMA2D_MspInit
                0x08004d78       0x30 Src\dma2d.o
                0x08004d78                HAL_DMA2D_MspInit
 .text.StartDefaultTask
                0x08004da8        0xe Src\freertos.o
                0x08004da8                StartDefaultTask
 *fill*         0x08004db6        0x2 
 .text.MX_FREERTOS_Init
                0x08004db8       0x28 Src\freertos.o
                0x08004db8                MX_FREERTOS_Init
 .text.MX_GPIO_Init
                0x08004de0       0xf8 Src\gpio.o
                0x08004de0                MX_GPIO_Init
 .text.MX_I2C1_Init
                0x08004ed8       0x5c Src\i2c.o
                0x08004ed8                MX_I2C1_Init
 .text.MX_I2C2_Init
                0x08004f34       0x5c Src\i2c.o
                0x08004f34                MX_I2C2_Init
 .text.MX_I2C3_Init
                0x08004f90        0x2 Src\i2c.o
                0x08004f90                MX_I2C3_Init
 *fill*         0x08004f92        0x2 
 .text.HAL_I2C_MspInit
                0x08004f94       0xc8 Src\i2c.o
                0x08004f94                HAL_I2C_MspInit
 .text.MX_LTDC_Init
                0x0800505c       0xec Src\ltdc.o
                0x0800505c                MX_LTDC_Init
 .text.HAL_LTDC_MspInit
                0x08005148      0x168 Src\ltdc.o
                0x08005148                HAL_LTDC_MspInit
 .text.main     0x080052b0       0x42 Src\main.o
                0x080052b0                main
 *fill*         0x080052f2        0x2 
 .text.SystemClock_Config
                0x080052f4      0x128 Src\main.o
                0x080052f4                SystemClock_Config
 .text.HAL_TIM_PeriodElapsedCallback
                0x0800541c       0x24 Src\main.o
                0x0800541c                HAL_TIM_PeriodElapsedCallback
 .text.Error_Handler
                0x08005440        0xe Src\main.o
                0x08005440                Error_Handler
 *fill*         0x0800544e        0x2 
 .text.__tcf_0  0x08005450       0x2c Src\main.o
 .text.__tcf_1  0x0800547c       0x2c Src\main.o
 .text._Z41__static_initialization_and_destruction_0ii
                0x080054a8       0xc8 Src\main.o
 .text._GLOBAL__sub_I_MCP23008_list
                0x08005570       0x10 Src\main.o
 .text.MX_SPI5_Init
                0x08005580       0x44 Src\spi.o
                0x08005580                MX_SPI5_Init
 .text.MX_SPI6_Init
                0x080055c4       0x44 Src\spi.o
                0x080055c4                MX_SPI6_Init
 .text.HAL_SPI_MspInit
                0x08005608       0xc4 Src\spi.o
                0x08005608                HAL_SPI_MspInit
 .text.HAL_MspInit
                0x080056cc       0x44 Src\stm32f4xx_hal_msp.o
                0x080056cc                HAL_MspInit
 .text.HAL_InitTick
                0x08005710       0x7c Src\stm32f4xx_hal_timebase_tim.o
                0x08005710                HAL_InitTick
 .text.NMI_Handler
                0x0800578c        0x2 Src\stm32f4xx_it.o
                0x0800578c                NMI_Handler
 .text.HardFault_Handler
                0x0800578e        0x2 Src\stm32f4xx_it.o
                0x0800578e                HardFault_Handler
 .text.MemManage_Handler
                0x08005790        0x2 Src\stm32f4xx_it.o
                0x08005790                MemManage_Handler
 .text.BusFault_Handler
                0x08005792        0x2 Src\stm32f4xx_it.o
                0x08005792                BusFault_Handler
 .text.UsageFault_Handler
                0x08005794        0x2 Src\stm32f4xx_it.o
                0x08005794                UsageFault_Handler
 .text.DebugMon_Handler
                0x08005796        0x2 Src\stm32f4xx_it.o
                0x08005796                DebugMon_Handler
 .text.TIM1_UP_TIM10_IRQHandler
                0x08005798        0xc Src\stm32f4xx_it.o
                0x08005798                TIM1_UP_TIM10_IRQHandler
 .text.OTG_HS_IRQHandler
                0x080057a4        0xc Src\stm32f4xx_it.o
                0x080057a4                OTG_HS_IRQHandler
 .text.SystemInit
                0x080057b0       0x4c Src\system_stm32f4xx.o
                0x080057b0                SystemInit
 .text.MX_TIM6_Init
                0x080057fc       0x3c Src\tim.o
                0x080057fc                MX_TIM6_Init
 .text.MX_TIM7_Init
                0x08005838       0x3c Src\tim.o
                0x08005838                MX_TIM7_Init
 .text.HAL_TIM_Base_MspInit
                0x08005874       0x54 Src\tim.o
                0x08005874                HAL_TIM_Base_MspInit
 .text.MX_USB_DEVICE_Init
                0x080058c8       0x38 Src\usb_device.o
                0x080058c8                MX_USB_DEVICE_Init
 .text.HAL_PCD_MspInit
                0x08005900       0x74 Src\usbd_conf.o
                0x08005900                HAL_PCD_MspInit
 .text.HAL_PCD_SetupStageCallback
                0x08005974        0xc Src\usbd_conf.o
                0x08005974                HAL_PCD_SetupStageCallback
 .text.HAL_PCD_DataOutStageCallback
                0x08005980       0x12 Src\usbd_conf.o
                0x08005980                HAL_PCD_DataOutStageCallback
 .text.HAL_PCD_DataInStageCallback
                0x08005992       0x10 Src\usbd_conf.o
                0x08005992                HAL_PCD_DataInStageCallback
 .text.HAL_PCD_SOFCallback
                0x080059a2        0x8 Src\usbd_conf.o
                0x080059a2                HAL_PCD_SOFCallback
 .text.HAL_PCD_ResetCallback
                0x080059aa       0x20 Src\usbd_conf.o
                0x080059aa                HAL_PCD_ResetCallback
 *fill*         0x080059ca        0x2 
 .text.HAL_PCD_SuspendCallback
                0x080059cc       0x30 Src\usbd_conf.o
                0x080059cc                HAL_PCD_SuspendCallback
 .text.HAL_PCD_ResumeCallback
                0x080059fc        0x8 Src\usbd_conf.o
                0x080059fc                HAL_PCD_ResumeCallback
 .text.HAL_PCD_ISOOUTIncompleteCallback
                0x08005a04        0x8 Src\usbd_conf.o
                0x08005a04                HAL_PCD_ISOOUTIncompleteCallback
 .text.HAL_PCD_ISOINIncompleteCallback
                0x08005a0c        0x8 Src\usbd_conf.o
                0x08005a0c                HAL_PCD_ISOINIncompleteCallback
 .text.HAL_PCD_ConnectCallback
                0x08005a14        0x8 Src\usbd_conf.o
                0x08005a14                HAL_PCD_ConnectCallback
 .text.HAL_PCD_DisconnectCallback
                0x08005a1c        0x8 Src\usbd_conf.o
                0x08005a1c                HAL_PCD_DisconnectCallback
 .text.USBD_LL_Init
                0x08005a24       0x6c Src\usbd_conf.o
                0x08005a24                USBD_LL_Init
 .text.USBD_LL_Start
                0x08005a90       0x1c Src\usbd_conf.o
                0x08005a90                USBD_LL_Start
 .text.USBD_LL_OpenEP
                0x08005aac       0x20 Src\usbd_conf.o
                0x08005aac                USBD_LL_OpenEP
 .text.USBD_LL_CloseEP
                0x08005acc       0x1c Src\usbd_conf.o
                0x08005acc                USBD_LL_CloseEP
 .text.USBD_LL_StallEP
                0x08005ae8       0x1c Src\usbd_conf.o
                0x08005ae8                USBD_LL_StallEP
 .text.USBD_LL_ClearStallEP
                0x08005b04       0x1c Src\usbd_conf.o
                0x08005b04                USBD_LL_ClearStallEP
 .text.USBD_LL_IsStallEP
                0x08005b20       0x26 Src\usbd_conf.o
                0x08005b20                USBD_LL_IsStallEP
 *fill*         0x08005b46        0x2 
 .text.USBD_LL_SetUSBAddress
                0x08005b48       0x1c Src\usbd_conf.o
                0x08005b48                USBD_LL_SetUSBAddress
 .text.USBD_LL_Transmit
                0x08005b64       0x1c Src\usbd_conf.o
                0x08005b64                USBD_LL_Transmit
 .text.USBD_LL_PrepareReceive
                0x08005b80       0x1c Src\usbd_conf.o
                0x08005b80                USBD_LL_PrepareReceive
 .text.CUSTOM_HID_DeInit_HS
                0x08005b9c        0x4 Src\usbd_custom_hid_if.o
 .text.CUSTOM_HID_OutEvent_HS
                0x08005ba0        0x4 Src\usbd_custom_hid_if.o
 .text.CUSTOM_HID_Init_HS
                0x08005ba4        0x4 Src\usbd_custom_hid_if.o
 .text.USBD_HS_DeviceDescriptor
                0x08005ba8        0xc Src\usbd_desc.o
                0x08005ba8                USBD_HS_DeviceDescriptor
 .text.USBD_HS_LangIDStrDescriptor
                0x08005bb4        0xc Src\usbd_desc.o
                0x08005bb4                USBD_HS_LangIDStrDescriptor
 .text.USBD_HS_ManufacturerStrDescriptor
                0x08005bc0       0x1c Src\usbd_desc.o
                0x08005bc0                USBD_HS_ManufacturerStrDescriptor
 .text.USBD_HS_ProductStrDescriptor
                0x08005bdc       0x1c Src\usbd_desc.o
                0x08005bdc                USBD_HS_ProductStrDescriptor
 .text.USBD_HS_SerialStrDescriptor
                0x08005bf8       0x1c Src\usbd_desc.o
                0x08005bf8                USBD_HS_SerialStrDescriptor
 .text.USBD_HS_ConfigStrDescriptor
                0x08005c14       0x1c Src\usbd_desc.o
                0x08005c14                USBD_HS_ConfigStrDescriptor
 .text.USBD_HS_InterfaceStrDescriptor
                0x08005c30       0x1c Src\usbd_desc.o
                0x08005c30                USBD_HS_InterfaceStrDescriptor
 .text.Reset_Handler
                0x08005c4c       0x50 startup\startup_stm32f429xx.o
                0x08005c4c                Reset_Handler
 .text.Default_Handler
                0x08005c9c        0x2 startup\startup_stm32f429xx.o
                0x08005c9c                RTC_Alarm_IRQHandler
                0x08005c9c                HASH_RNG_IRQHandler
                0x08005c9c                EXTI2_IRQHandler
                0x08005c9c                TIM8_CC_IRQHandler
                0x08005c9c                UART8_IRQHandler
                0x08005c9c                SPI4_IRQHandler
                0x08005c9c                TIM1_CC_IRQHandler
                0x08005c9c                DMA2_Stream5_IRQHandler
                0x08005c9c                DMA1_Stream5_IRQHandler
                0x08005c9c                PVD_IRQHandler
                0x08005c9c                SDIO_IRQHandler
                0x08005c9c                TAMP_STAMP_IRQHandler
                0x08005c9c                CAN2_RX1_IRQHandler
                0x08005c9c                EXTI3_IRQHandler
                0x08005c9c                TIM8_TRG_COM_TIM14_IRQHandler
                0x08005c9c                TIM8_UP_TIM13_IRQHandler
                0x08005c9c                I2C3_ER_IRQHandler
                0x08005c9c                EXTI0_IRQHandler
                0x08005c9c                I2C2_EV_IRQHandler
                0x08005c9c                DMA1_Stream2_IRQHandler
                0x08005c9c                CAN1_RX0_IRQHandler
                0x08005c9c                FPU_IRQHandler
                0x08005c9c                OTG_HS_WKUP_IRQHandler
                0x08005c9c                LTDC_ER_IRQHandler
                0x08005c9c                CAN2_SCE_IRQHandler
                0x08005c9c                DMA2_Stream2_IRQHandler
                0x08005c9c                SPI1_IRQHandler
                0x08005c9c                TIM6_DAC_IRQHandler
                0x08005c9c                TIM1_BRK_TIM9_IRQHandler
                0x08005c9c                DCMI_IRQHandler
                0x08005c9c                CAN2_RX0_IRQHandler
                0x08005c9c                DMA2_Stream3_IRQHandler
                0x08005c9c                USART6_IRQHandler
                0x08005c9c                USART3_IRQHandler
                0x08005c9c                CAN1_RX1_IRQHandler
                0x08005c9c                UART5_IRQHandler
                0x08005c9c                DMA2_Stream0_IRQHandler
                0x08005c9c                TIM4_IRQHandler
                0x08005c9c                I2C1_EV_IRQHandler
                0x08005c9c                DMA1_Stream6_IRQHandler
                0x08005c9c                DMA1_Stream1_IRQHandler
                0x08005c9c                UART4_IRQHandler
                0x08005c9c                TIM3_IRQHandler
                0x08005c9c                RCC_IRQHandler
                0x08005c9c                TIM8_BRK_TIM12_IRQHandler
                0x08005c9c                Default_Handler
                0x08005c9c                EXTI15_10_IRQHandler
                0x08005c9c                ADC_IRQHandler
                0x08005c9c                DMA1_Stream7_IRQHandler
                0x08005c9c                SPI5_IRQHandler
                0x08005c9c                TIM7_IRQHandler
                0x08005c9c                CAN2_TX_IRQHandler
                0x08005c9c                TIM5_IRQHandler
                0x08005c9c                DMA2_Stream7_IRQHandler
                0x08005c9c                I2C3_EV_IRQHandler
                0x08005c9c                EXTI9_5_IRQHandler
                0x08005c9c                RTC_WKUP_IRQHandler
                0x08005c9c                LTDC_IRQHandler
                0x08005c9c                ETH_WKUP_IRQHandler
                0x08005c9c                SPI2_IRQHandler
                0x08005c9c                OTG_HS_EP1_IN_IRQHandler
                0x08005c9c                DMA1_Stream0_IRQHandler
                0x08005c9c                CAN1_TX_IRQHandler
                0x08005c9c                EXTI4_IRQHandler
                0x08005c9c                ETH_IRQHandler
                0x08005c9c                OTG_HS_EP1_OUT_IRQHandler
                0x08005c9c                WWDG_IRQHandler
                0x08005c9c                SPI6_IRQHandler
                0x08005c9c                TIM2_IRQHandler
                0x08005c9c                OTG_FS_WKUP_IRQHandler
                0x08005c9c                TIM1_TRG_COM_TIM11_IRQHandler
                0x08005c9c                DMA2D_IRQHandler
                0x08005c9c                EXTI1_IRQHandler
                0x08005c9c                UART7_IRQHandler
                0x08005c9c                USART2_IRQHandler
                0x08005c9c                I2C2_ER_IRQHandler
                0x08005c9c                DMA2_Stream1_IRQHandler
                0x08005c9c                CAN1_SCE_IRQHandler
                0x08005c9c                FLASH_IRQHandler
                0x08005c9c                DMA2_Stream4_IRQHandler
                0x08005c9c                USART1_IRQHandler
                0x08005c9c                OTG_FS_IRQHandler
                0x08005c9c                SPI3_IRQHandler
                0x08005c9c                DMA1_Stream4_IRQHandler
                0x08005c9c                I2C1_ER_IRQHandler
                0x08005c9c                FMC_IRQHandler
                0x08005c9c                DMA2_Stream6_IRQHandler
                0x08005c9c                SAI1_IRQHandler
                0x08005c9c                DMA1_Stream3_IRQHandler
 *fill*         0x08005c9e        0x2 
 .text._ZN10__cxxabiv120__si_class_type_infoD2Ev
                0x08005ca0       0x14 c:/program files (x86)/atollic/truestudio for stm32 9.2.0/armtools/bin/../lib/gcc/arm-atollic-eabi/6.3.1/../../../../arm-atollic-eabi/lib/armv7e-m/fpu\libstdc++_nano.a(si_class_type_info.o)
                0x08005ca0                __cxxabiv1::__si_class_type_info::~__si_class_type_info()
                0x08005ca0                __cxxabiv1::__si_class_type_info::~__si_class_type_info()
 .text._ZN10__cxxabiv120__si_class_type_infoD0Ev
                0x08005cb4       0x14 c:/program files (x86)/atollic/truestudio for stm32 9.2.0/armtools/bin/../lib/gcc/arm-atollic-eabi/6.3.1/../../../../arm-atollic-eabi/lib/armv7e-m/fpu\libstdc++_nano.a(si_class_type_info.o)
                0x08005cb4                __cxxabiv1::__si_class_type_info::~__si_class_type_info()
 .text._ZNK10__cxxabiv120__si_class_type_info20__do_find_public_srcEiPKvPKNS_17__class_type_infoES2_
                0x08005cc8       0x38 c:/program files (x86)/atollic/truestudio for stm32 9.2.0/armtools/bin/../lib/gcc/arm-atollic-eabi/6.3.1/../../../../arm-atollic-eabi/lib/armv7e-m/fpu\libstdc++_nano.a(si_class_type_info.o)
                0x08005cc8                __cxxabiv1::__si_class_type_info::__do_find_public_src(int, void const*, __cxxabiv1::__class_type_info const*, void const*) const
 .text._ZNK10__cxxabiv120__si_class_type_info12__do_dyncastEiNS_17__class_type_info10__sub_kindEPKS1_PKvS4_S6_RNS1_16__dyncast_resultE
                0x08005d00       0x7c c:/program files (x86)/atollic/truestudio for stm32 9.2.0/armtools/bin/../lib/gcc/arm-atollic-eabi/6.3.1/../../../../arm-atollic-eabi/lib/armv7e-m/fpu\libstdc++_nano.a(si_class_type_info.o)
                0x08005d00                __cxxabiv1::__si_class_type_info::__do_dyncast(int, __cxxabiv1::__class_type_info::__sub_kind, __cxxabiv1::__class_type_info const*, void const*, __cxxabiv1::__class_type_info const*, void const*, __cxxabiv1::__class_type_info::__dyncast_result&) const
 .text._ZNK10__cxxabiv120__si_class_type_info11__do_upcastEPKNS_17__class_type_infoEPKvRNS1_15__upcast_resultE
                0x08005d7c       0x2a c:/program files (x86)/atollic/truestudio for stm32 9.2.0/armtools/bin/../lib/gcc/arm-atollic-eabi/6.3.1/../../../../arm-atollic-eabi/lib/armv7e-m/fpu\libstdc++_nano.a(si_class_type_info.o)
                0x08005d7c                __cxxabiv1::__si_class_type_info::__do_upcast(__cxxabiv1::__class_type_info const*, void const*, __cxxabiv1::__class_type_info::__upcast_result&) const
 .text.__aeabi_atexit
                0x08005da6        0xa c:/program files (x86)/atollic/truestudio for stm32 9.2.0/armtools/bin/../lib/gcc/arm-atollic-eabi/6.3.1/../../../../arm-atollic-eabi/lib/armv7e-m/fpu\libstdc++_nano.a(atexit_arm.o)
                0x08005da6                __aeabi_atexit
 .text.__cxa_end_cleanup
                0x08005db0        0xc c:/program files (x86)/atollic/truestudio for stm32 9.2.0/armtools/bin/../lib/gcc/arm-atollic-eabi/6.3.1/../../../../arm-atollic-eabi/lib/armv7e-m/fpu\libstdc++_nano.a(eh_arm.o)
                0x08005db0                __cxa_end_cleanup
 .text._ZN10__cxxabiv1L24__is_gxx_exception_classEPc
                0x08005dbc       0x3a c:/program files (x86)/atollic/truestudio for stm32 9.2.0/armtools/bin/../lib/gcc/arm-atollic-eabi/6.3.1/../../../../arm-atollic-eabi/lib/armv7e-m/fpu\libstdc++_nano.a(eh_arm.o)
 *fill*         0x08005df6        0x2 
 .text.__cxa_type_match
                0x08005df8       0xbc c:/program files (x86)/atollic/truestudio for stm32 9.2.0/armtools/bin/../lib/gcc/arm-atollic-eabi/6.3.1/../../../../arm-atollic-eabi/lib/armv7e-m/fpu\libstdc++_nano.a(eh_arm.o)
                0x08005df8                __cxa_type_match
 .text.__cxa_begin_cleanup
                0x08005eb4       0x3a c:/program files (x86)/atollic/truestudio for stm32 9.2.0/armtools/bin/../lib/gcc/arm-atollic-eabi/6.3.1/../../../../arm-atollic-eabi/lib/armv7e-m/fpu\libstdc++_nano.a(eh_arm.o)
                0x08005eb4                __cxa_begin_cleanup
 .text.__gnu_end_cleanup
                0x08005eee       0x32 c:/program files (x86)/atollic/truestudio for stm32 9.2.0/armtools/bin/../lib/gcc/arm-atollic-eabi/6.3.1/../../../../arm-atollic-eabi/lib/armv7e-m/fpu\libstdc++_nano.a(eh_arm.o)
                0x08005eee                __gnu_end_cleanup
 .text._ZL12read_uleb128PKhPm
                0x08005f20       0x22 c:/program files (x86)/atollic/truestudio for stm32 9.2.0/armtools/bin/../lib/gcc/arm-atollic-eabi/6.3.1/../../../../arm-atollic-eabi/lib/armv7e-m/fpu\libstdc++_nano.a(eh_personality.o)
 .text._ZL12read_sleb128PKhPl
                0x08005f42       0x30 c:/program files (x86)/atollic/truestudio for stm32 9.2.0/armtools/bin/../lib/gcc/arm-atollic-eabi/6.3.1/../../../../arm-atollic-eabi/lib/armv7e-m/fpu\libstdc++_nano.a(eh_personality.o)
 .text._ZL28read_encoded_value_with_basehjPKhPj
                0x08005f72       0x88 c:/program files (x86)/atollic/truestudio for stm32 9.2.0/armtools/bin/../lib/gcc/arm-atollic-eabi/6.3.1/../../../../arm-atollic-eabi/lib/armv7e-m/fpu\libstdc++_nano.a(eh_personality.o)
 .text._ZL21base_of_encoded_valuehP15_Unwind_Context
                0x08005ffa       0x46 c:/program files (x86)/atollic/truestudio for stm32 9.2.0/armtools/bin/../lib/gcc/arm-atollic-eabi/6.3.1/../../../../arm-atollic-eabi/lib/armv7e-m/fpu\libstdc++_nano.a(eh_personality.o)
 .text._ZL18read_encoded_valueP15_Unwind_ContexthPKhPj
                0x08006040       0x20 c:/program files (x86)/atollic/truestudio for stm32 9.2.0/armtools/bin/../lib/gcc/arm-atollic-eabi/6.3.1/../../../../arm-atollic-eabi/lib/armv7e-m/fpu\libstdc++_nano.a(eh_personality.o)
 .text._ZL17parse_lsda_headerP15_Unwind_ContextPKhP16lsda_header_info
                0x08006060       0x60 c:/program files (x86)/atollic/truestudio for stm32 9.2.0/armtools/bin/../lib/gcc/arm-atollic-eabi/6.3.1/../../../../arm-atollic-eabi/lib/armv7e-m/fpu\libstdc++_nano.a(eh_personality.o)
 .text._Unwind_GetGR
                0x080060c0       0x18 c:/program files (x86)/atollic/truestudio for stm32 9.2.0/armtools/bin/../lib/gcc/arm-atollic-eabi/6.3.1/../../../../arm-atollic-eabi/lib/armv7e-m/fpu\libstdc++_nano.a(eh_personality.o)
 .text.__gxx_personality_v0
                0x080060d8      0x370 c:/program files (x86)/atollic/truestudio for stm32 9.2.0/armtools/bin/../lib/gcc/arm-atollic-eabi/6.3.1/../../../../arm-atollic-eabi/lib/armv7e-m/fpu\libstdc++_nano.a(eh_personality.o)
                0x080060d8                __gxx_personality_v0
 .text._ZdlPvj  0x08006448        0x4 c:/program files (x86)/atollic/truestudio for stm32 9.2.0/armtools/bin/../lib/gcc/arm-atollic-eabi/6.3.1/../../../../arm-atollic-eabi/lib/armv7e-m/fpu\libstdc++_nano.a(del_ops.o)
                0x08006448                operator delete(void*, unsigned int)
 .text._ZNK10__cxxabiv117__class_type_info11__do_upcastEPKS0_PPv
                0x0800644c       0x34 c:/program files (x86)/atollic/truestudio for stm32 9.2.0/armtools/bin/../lib/gcc/arm-atollic-eabi/6.3.1/../../../../arm-atollic-eabi/lib/armv7e-m/fpu\libstdc++_nano.a(class_type_info.o)
                0x0800644c                __cxxabiv1::__class_type_info::__do_upcast(__cxxabiv1::__class_type_info const*, void**) const
 .text._ZNK10__cxxabiv117__class_type_info20__do_find_public_srcEiPKvPKS0_S2_
                0x08006480        0xc c:/program files (x86)/atollic/truestudio for stm32 9.2.0/armtools/bin/../lib/gcc/arm-atollic-eabi/6.3.1/../../../../arm-atollic-eabi/lib/armv7e-m/fpu\libstdc++_nano.a(class_type_info.o)
                0x08006480                __cxxabiv1::__class_type_info::__do_find_public_src(int, void const*, __cxxabiv1::__class_type_info const*, void const*) const
 .text._ZN10__cxxabiv117__class_type_infoD2Ev
                0x0800648c       0x14 c:/program files (x86)/atollic/truestudio for stm32 9.2.0/armtools/bin/../lib/gcc/arm-atollic-eabi/6.3.1/../../../../arm-atollic-eabi/lib/armv7e-m/fpu\libstdc++_nano.a(class_type_info.o)
                0x0800648c                __cxxabiv1::__class_type_info::~__class_type_info()
                0x0800648c                __cxxabiv1::__class_type_info::~__class_type_info()
 .text._ZN10__cxxabiv117__class_type_infoD0Ev
                0x080064a0       0x14 c:/program files (x86)/atollic/truestudio for stm32 9.2.0/armtools/bin/../lib/gcc/arm-atollic-eabi/6.3.1/../../../../arm-atollic-eabi/lib/armv7e-m/fpu\libstdc++_nano.a(class_type_info.o)
                0x080064a0                __cxxabiv1::__class_type_info::~__class_type_info()
 .text._ZNK10__cxxabiv117__class_type_info11__do_upcastEPKS0_PKvRNS0_15__upcast_resultE
                0x080064b4       0x18 c:/program files (x86)/atollic/truestudio for stm32 9.2.0/armtools/bin/../lib/gcc/arm-atollic-eabi/6.3.1/../../../../arm-atollic-eabi/lib/armv7e-m/fpu\libstdc++_nano.a(class_type_info.o)
                0x080064b4                __cxxabiv1::__class_type_info::__do_upcast(__cxxabiv1::__class_type_info const*, void const*, __cxxabiv1::__class_type_info::__upcast_result&) const
 .text._ZNK10__cxxabiv117__class_type_info10__do_catchEPKSt9type_infoPPvj
                0x080064cc       0x2a c:/program files (x86)/atollic/truestudio for stm32 9.2.0/armtools/bin/../lib/gcc/arm-atollic-eabi/6.3.1/../../../../arm-atollic-eabi/lib/armv7e-m/fpu\libstdc++_nano.a(class_type_info.o)
                0x080064cc                __cxxabiv1::__class_type_info::__do_catch(std::type_info const*, void**, unsigned int) const
 .text._ZNK10__cxxabiv117__class_type_info12__do_dyncastEiNS0_10__sub_kindEPKS0_PKvS3_S5_RNS0_16__dyncast_resultE
                0x080064f6       0x38 c:/program files (x86)/atollic/truestudio for stm32 9.2.0/armtools/bin/../lib/gcc/arm-atollic-eabi/6.3.1/../../../../arm-atollic-eabi/lib/armv7e-m/fpu\libstdc++_nano.a(class_type_info.o)
                0x080064f6                __cxxabiv1::__class_type_info::__do_dyncast(int, __cxxabiv1::__class_type_info::__sub_kind, __cxxabiv1::__class_type_info const*, void const*, __cxxabiv1::__class_type_info const*, void const*, __cxxabiv1::__class_type_info::__dyncast_result&) const
 .text._ZNSt9type_infoD2Ev
                0x0800652e        0x2 c:/program files (x86)/atollic/truestudio for stm32 9.2.0/armtools/bin/../lib/gcc/arm-atollic-eabi/6.3.1/../../../../arm-atollic-eabi/lib/armv7e-m/fpu\libstdc++_nano.a(tinfo.o)
                0x0800652e                std::type_info::~type_info()
                0x0800652e                std::type_info::~type_info()
 .text._ZNKSt9type_info15__is_function_pEv
                0x08006530        0x4 c:/program files (x86)/atollic/truestudio for stm32 9.2.0/armtools/bin/../lib/gcc/arm-atollic-eabi/6.3.1/../../../../arm-atollic-eabi/lib/armv7e-m/fpu\libstdc++_nano.a(tinfo.o)
                0x08006530                std::type_info::__is_pointer_p() const
                0x08006530                std::type_info::__is_function_p() const
 .text._ZNKSt9type_infoeqERKS_
                0x08006534       0x2c c:/program files (x86)/atollic/truestudio for stm32 9.2.0/armtools/bin/../lib/gcc/arm-atollic-eabi/6.3.1/../../../../arm-atollic-eabi/lib/armv7e-m/fpu\libstdc++_nano.a(tinfo.o)
                0x08006534                std::type_info::operator==(std::type_info const&) const
 .text._ZdlPv   0x08006560        0x4 c:/program files (x86)/atollic/truestudio for stm32 9.2.0/armtools/bin/../lib/gcc/arm-atollic-eabi/6.3.1/../../../../arm-atollic-eabi/lib/armv7e-m/fpu\libstdc++_nano.a(del_op.o)
                0x08006560                operator delete(void*)
 .text._ZN10__cxxabiv1L24__is_gxx_exception_classEPc
                0x08006564       0x3a c:/program files (x86)/atollic/truestudio for stm32 9.2.0/armtools/bin/../lib/gcc/arm-atollic-eabi/6.3.1/../../../../arm-atollic-eabi/lib/armv7e-m/fpu\libstdc++_nano.a(eh_call.o)
 .text.__cxa_call_terminate
                0x0800659e       0x1e c:/program files (x86)/atollic/truestudio for stm32 9.2.0/armtools/bin/../lib/gcc/arm-atollic-eabi/6.3.1/../../../../arm-atollic-eabi/lib/armv7e-m/fpu\libstdc++_nano.a(eh_call.o)
                0x0800659e                __cxa_call_terminate
 .text.__cxa_call_unexpected
                0x080065bc       0x28 c:/program files (x86)/atollic/truestudio for stm32 9.2.0/armtools/bin/../lib/gcc/arm-atollic-eabi/6.3.1/../../../../arm-atollic-eabi/lib/armv7e-m/fpu\libstdc++_nano.a(eh_call.o)
                0x080065bc                __cxa_call_unexpected
 .text._ZN10__cxxabiv1L24__is_gxx_exception_classEPc
                0x080065e4       0x3a c:/program files (x86)/atollic/truestudio for stm32 9.2.0/armtools/bin/../lib/gcc/arm-atollic-eabi/6.3.1/../../../../arm-atollic-eabi/lib/armv7e-m/fpu\libstdc++_nano.a(eh_catch.o)
 .text.__cxa_begin_catch
                0x0800661e       0x54 c:/program files (x86)/atollic/truestudio for stm32 9.2.0/armtools/bin/../lib/gcc/arm-atollic-eabi/6.3.1/../../../../arm-atollic-eabi/lib/armv7e-m/fpu\libstdc++_nano.a(eh_catch.o)
                0x0800661e                __cxa_begin_catch
 .text._ZN10__cxxabiv111__terminateEPFvvE
                0x08006672        0x8 c:/program files (x86)/atollic/truestudio for stm32 9.2.0/armtools/bin/../lib/gcc/arm-atollic-eabi/6.3.1/../../../../arm-atollic-eabi/lib/armv7e-m/fpu\libstdc++_nano.a(eh_terminate.o)
                0x08006672                __cxxabiv1::__terminate(void (*)())
 *fill*         0x0800667a        0x2 
 .text._ZSt13get_terminatev
                0x0800667c       0x10 c:/program files (x86)/atollic/truestudio for stm32 9.2.0/armtools/bin/../lib/gcc/arm-atollic-eabi/6.3.1/../../../../arm-atollic-eabi/lib/armv7e-m/fpu\libstdc++_nano.a(eh_terminate.o)
                0x0800667c                std::get_terminate()
 .text._ZSt9terminatev
                0x0800668c        0xa c:/program files (x86)/atollic/truestudio for stm32 9.2.0/armtools/bin/../lib/gcc/arm-atollic-eabi/6.3.1/../../../../arm-atollic-eabi/lib/armv7e-m/fpu\libstdc++_nano.a(eh_terminate.o)
                0x0800668c                std::terminate()
 .text._ZN10__cxxabiv112__unexpectedEPFvvE
                0x08006696        0x8 c:/program files (x86)/atollic/truestudio for stm32 9.2.0/armtools/bin/../lib/gcc/arm-atollic-eabi/6.3.1/../../../../arm-atollic-eabi/lib/armv7e-m/fpu\libstdc++_nano.a(eh_terminate.o)
                0x08006696                __cxxabiv1::__unexpected(void (*)())
 *fill*         0x0800669e        0x2 
 .text._ZSt14get_unexpectedv
                0x080066a0       0x10 c:/program files (x86)/atollic/truestudio for stm32 9.2.0/armtools/bin/../lib/gcc/arm-atollic-eabi/6.3.1/../../../../arm-atollic-eabi/lib/armv7e-m/fpu\libstdc++_nano.a(eh_terminate.o)
                0x080066a0                std::get_unexpected()
 .text._ZSt10unexpectedv
                0x080066b0        0xa c:/program files (x86)/atollic/truestudio for stm32 9.2.0/armtools/bin/../lib/gcc/arm-atollic-eabi/6.3.1/../../../../arm-atollic-eabi/lib/armv7e-m/fpu\libstdc++_nano.a(eh_terminate.o)
                0x080066b0                std::unexpected()
 *fill*         0x080066ba        0x2 
 .text.__cxa_get_globals
                0x080066bc        0x8 c:/program files (x86)/atollic/truestudio for stm32 9.2.0/armtools/bin/../lib/gcc/arm-atollic-eabi/6.3.1/../../../../arm-atollic-eabi/lib/armv7e-m/fpu\libstdc++_nano.a(eh_globals.o)
                0x080066bc                __cxa_get_globals
 .text.abort    0x080066c4        0xe c:/program files (x86)/atollic/truestudio for stm32 9.2.0/armtools/bin/../lib/gcc/arm-atollic-eabi/6.3.1/../../../../arm-atollic-eabi/lib/armv7e-m/fpu\libc_nano.a(lib_a-abort.o)
                0x080066c4                abort
 *fill*         0x080066d2        0x2 
 .text.__cxa_atexit
                0x080066d4       0x1c c:/program files (x86)/atollic/truestudio for stm32 9.2.0/armtools/bin/../lib/gcc/arm-atollic-eabi/6.3.1/../../../../arm-atollic-eabi/lib/armv7e-m/fpu\libc_nano.a(lib_a-cxa_atexit.o)
                0x080066d4                __cxa_atexit
 .text.__libc_init_array
                0x080066f0       0x48 c:/program files (x86)/atollic/truestudio for stm32 9.2.0/armtools/bin/../lib/gcc/arm-atollic-eabi/6.3.1/../../../../arm-atollic-eabi/lib/armv7e-m/fpu\libc_nano.a(lib_a-init.o)
                0x080066f0                __libc_init_array
 .text.malloc   0x08006738       0x10 c:/program files (x86)/atollic/truestudio for stm32 9.2.0/armtools/bin/../lib/gcc/arm-atollic-eabi/6.3.1/../../../../arm-atollic-eabi/lib/armv7e-m/fpu\libc_nano.a(lib_a-malloc.o)
                0x08006738                malloc
 .text.free     0x08006748       0x10 c:/program files (x86)/atollic/truestudio for stm32 9.2.0/armtools/bin/../lib/gcc/arm-atollic-eabi/6.3.1/../../../../arm-atollic-eabi/lib/armv7e-m/fpu\libc_nano.a(lib_a-malloc.o)
                0x08006748                free
 .text.memcpy   0x08006758       0x16 c:/program files (x86)/atollic/truestudio for stm32 9.2.0/armtools/bin/../lib/gcc/arm-atollic-eabi/6.3.1/../../../../arm-atollic-eabi/lib/armv7e-m/fpu\libc_nano.a(lib_a-memcpy-stub.o)
                0x08006758                memcpy
 .text.memset   0x0800676e       0x10 c:/program files (x86)/atollic/truestudio for stm32 9.2.0/armtools/bin/../lib/gcc/arm-atollic-eabi/6.3.1/../../../../arm-atollic-eabi/lib/armv7e-m/fpu\libc_nano.a(lib_a-memset.o)
                0x0800676e                memset
 *fill*         0x0800677e        0x2 
 .text._free_r  0x08006780       0x9c c:/program files (x86)/atollic/truestudio for stm32 9.2.0/armtools/bin/../lib/gcc/arm-atollic-eabi/6.3.1/../../../../arm-atollic-eabi/lib/armv7e-m/fpu\libc_nano.a(lib_a-nano-freer.o)
                0x08006780                _free_r
 .text._malloc_r
                0x0800681c       0xbc c:/program files (x86)/atollic/truestudio for stm32 9.2.0/armtools/bin/../lib/gcc/arm-atollic-eabi/6.3.1/../../../../arm-atollic-eabi/lib/armv7e-m/fpu\libc_nano.a(lib_a-nano-mallocr.o)
                0x0800681c                _malloc_r
 .text._sbrk_r  0x080068d8       0x20 c:/program files (x86)/atollic/truestudio for stm32 9.2.0/armtools/bin/../lib/gcc/arm-atollic-eabi/6.3.1/../../../../arm-atollic-eabi/lib/armv7e-m/fpu\libc_nano.a(lib_a-sbrkr.o)
                0x080068d8                _sbrk_r
 .text._raise_r
                0x080068f8       0x50 c:/program files (x86)/atollic/truestudio for stm32 9.2.0/armtools/bin/../lib/gcc/arm-atollic-eabi/6.3.1/../../../../arm-atollic-eabi/lib/armv7e-m/fpu\libc_nano.a(lib_a-signal.o)
                0x080068f8                _raise_r
 .text.raise    0x08006948       0x10 c:/program files (x86)/atollic/truestudio for stm32 9.2.0/armtools/bin/../lib/gcc/arm-atollic-eabi/6.3.1/../../../../arm-atollic-eabi/lib/armv7e-m/fpu\libc_nano.a(lib_a-signal.o)
                0x08006948                raise
 .text._kill_r  0x08006958       0x24 c:/program files (x86)/atollic/truestudio for stm32 9.2.0/armtools/bin/../lib/gcc/arm-atollic-eabi/6.3.1/../../../../arm-atollic-eabi/lib/armv7e-m/fpu\libc_nano.a(lib_a-signalr.o)
                0x08006958                _kill_r
 .text._getpid_r
                0x0800697c        0x4 c:/program files (x86)/atollic/truestudio for stm32 9.2.0/armtools/bin/../lib/gcc/arm-atollic-eabi/6.3.1/../../../../arm-atollic-eabi/lib/armv7e-m/fpu\libc_nano.a(lib_a-signalr.o)
                0x0800697c                _getpid_r
 .text.__malloc_lock
                0x08006980        0x2 c:/program files (x86)/atollic/truestudio for stm32 9.2.0/armtools/bin/../lib/gcc/arm-atollic-eabi/6.3.1/../../../../arm-atollic-eabi/lib/armv7e-m/fpu\libc_nano.a(lib_a-mlock.o)
                0x08006980                __malloc_lock
 .text.__malloc_unlock
                0x08006982        0x2 c:/program files (x86)/atollic/truestudio for stm32 9.2.0/armtools/bin/../lib/gcc/arm-atollic-eabi/6.3.1/../../../../arm-atollic-eabi/lib/armv7e-m/fpu\libc_nano.a(lib_a-mlock.o)
                0x08006982                __malloc_unlock
 .text._getpid  0x08006984       0x10 c:/program files (x86)/atollic/truestudio for stm32 9.2.0/armtools/bin/../lib/gcc/arm-atollic-eabi/6.3.1/../../../../arm-atollic-eabi/lib/armv7e-m/fpu\libnosys.a(getpid.o)
                0x08006984                _getpid
 .text._kill    0x08006994       0x10 c:/program files (x86)/atollic/truestudio for stm32 9.2.0/armtools/bin/../lib/gcc/arm-atollic-eabi/6.3.1/../../../../arm-atollic-eabi/lib/armv7e-m/fpu\libnosys.a(kill.o)
                0x08006994                _kill
 .text._sbrk    0x080069a4       0x1c c:/program files (x86)/atollic/truestudio for stm32 9.2.0/armtools/bin/../lib/gcc/arm-atollic-eabi/6.3.1/../../../../arm-atollic-eabi/lib/armv7e-m/fpu\libnosys.a(sbrk.o)
                0x080069a4                _sbrk
 .text._exit    0x080069c0        0x2 c:/program files (x86)/atollic/truestudio for stm32 9.2.0/armtools/bin/../lib/gcc/arm-atollic-eabi/6.3.1/../../../../arm-atollic-eabi/lib/armv7e-m/fpu\libnosys.a(_exit.o)
                0x080069c0                _exit
 *(.glue_7)
 .glue_7        0x080069c2        0x0 linker stubs
 *(.glue_7t)
 .glue_7t       0x080069c2        0x0 linker stubs
 *(.eh_frame)
 *fill*         0x080069c2        0x2 
 .eh_frame      0x080069c4        0x0 c:/program files (x86)/atollic/truestudio for stm32 9.2.0/armtools/bin/../lib/gcc/arm-atollic-eabi/6.3.1/armv7e-m/fpu/crtbegin.o
 *(.init)
 .init          0x080069c4        0x4 c:/program files (x86)/atollic/truestudio for stm32 9.2.0/armtools/bin/../lib/gcc/arm-atollic-eabi/6.3.1/armv7e-m/fpu/crti.o
                0x080069c4                _init
 .init          0x080069c8        0x8 c:/program files (x86)/atollic/truestudio for stm32 9.2.0/armtools/bin/../lib/gcc/arm-atollic-eabi/6.3.1/armv7e-m/fpu/crtn.o
 *(.fini)
 .fini          0x080069d0        0x4 c:/program files (x86)/atollic/truestudio for stm32 9.2.0/armtools/bin/../lib/gcc/arm-atollic-eabi/6.3.1/armv7e-m/fpu/crti.o
                0x080069d0                _fini
 .fini          0x080069d4        0x8 c:/program files (x86)/atollic/truestudio for stm32 9.2.0/armtools/bin/../lib/gcc/arm-atollic-eabi/6.3.1/armv7e-m/fpu/crtn.o
                0x080069dc                . = ALIGN (0x4)
                0x080069dc                _etext = .

.vfp11_veneer   0x080069dc        0x0
 .vfp11_veneer  0x080069dc        0x0 linker stubs

.v4_bx          0x080069dc        0x0
 .v4_bx         0x080069dc        0x0 linker stubs

.iplt           0x080069dc        0x0
 .iplt          0x080069dc        0x0 c:/program files (x86)/atollic/truestudio for stm32 9.2.0/armtools/bin/../lib/gcc/arm-atollic-eabi/6.3.1/armv7e-m/fpu/crtbegin.o

.rodata         0x080069dc      0x240
                0x080069dc                . = ALIGN (0x4)
 *(.rodata)
 .rodata        0x080069dc       0x14 Src\freertos.o
 *(.rodata*)
 .rodata._ZTV8MCP23008
                0x080069f0       0x10 Drivers\Expanders\MCP\MCP23008\MCP23008.o
                0x080069f0                vtable for MCP23008
 .rodata._ZTI8MCP23008
                0x08006a00        0xc Drivers\Expanders\MCP\MCP23008\MCP23008.o
                0x08006a00                typeinfo for MCP23008
 .rodata._ZTS8MCP23008
                0x08006a0c        0xa Drivers\Expanders\MCP\MCP23008\MCP23008.o
                0x08006a0c                typeinfo name for MCP23008
 *fill*         0x08006a16        0x2 
 .rodata._ZTV8MCP23017
                0x08006a18       0x10 Drivers\Expanders\MCP\MCP23017\MCP23017.o
                0x08006a18                vtable for MCP23017
 .rodata._ZTI8MCP23017
                0x08006a28        0xc Drivers\Expanders\MCP\MCP23017\MCP23017.o
                0x08006a28                typeinfo for MCP23017
 .rodata._ZTS8MCP23017
                0x08006a34        0xa Drivers\Expanders\MCP\MCP23017\MCP23017.o
                0x08006a34                typeinfo name for MCP23017
 *fill*         0x08006a3e        0x2 
 .rodata._ZTV8MCP230XX
                0x08006a40       0x10 Drivers\Expanders\MCP\MCP230XX.o
                0x08006a40                vtable for MCP230XX
 .rodata._ZTI8MCP230XX
                0x08006a50        0x8 Drivers\Expanders\MCP\MCP230XX.o
                0x08006a50                typeinfo for MCP230XX
 .rodata._ZTS8MCP230XX
                0x08006a58        0xa Drivers\Expanders\MCP\MCP230XX.o
                0x08006a58                typeinfo name for MCP230XX
 .rodata.vTaskStartScheduler.str1.1
                0x08006a62        0x5 Middlewares\Third_Party\FreeRTOS\Source\tasks.o
 .rodata.str1.1
                0x08006a67        0xc Src\freertos.o
 .rodata.AHBPrescTable
                0x08006a73       0x10 Src\system_stm32f4xx.o
                0x08006a73                AHBPrescTable
 .rodata.APBPrescTable
                0x08006a83        0x8 Src\system_stm32f4xx.o
                0x08006a83                APBPrescTable
 .rodata.CSWTCH.39
                0x08006a8b        0x4 Src\usbd_conf.o
 .rodata.USBD_HS_ConfigStrDescriptor.str1.1
                0x08006a8f       0x12 Src\usbd_desc.o
 .rodata.USBD_HS_InterfaceStrDescriptor.str1.1
                0x08006aa1       0x15 Src\usbd_desc.o
 .rodata.USBD_HS_ManufacturerStrDescriptor.str1.1
                0x08006ab6       0x13 Src\usbd_desc.o
 .rodata.USBD_HS_ProductStrDescriptor.str1.1
                0x08006ac9       0x1d Src\usbd_desc.o
 .rodata.USBD_HS_SerialStrDescriptor.str1.1
                0x08006ae6        0xd Src\usbd_desc.o
 *fill*         0x08006af3        0x1 
 .rodata._ZTIN10__cxxabiv120__si_class_type_infoE
                0x08006af4        0xc c:/program files (x86)/atollic/truestudio for stm32 9.2.0/armtools/bin/../lib/gcc/arm-atollic-eabi/6.3.1/../../../../arm-atollic-eabi/lib/armv7e-m/fpu\libstdc++_nano.a(si_class_type_info.o)
                0x08006af4                typeinfo for __cxxabiv1::__si_class_type_info
 .rodata._ZTSN10__cxxabiv120__si_class_type_infoE
                0x08006b00       0x25 c:/program files (x86)/atollic/truestudio for stm32 9.2.0/armtools/bin/../lib/gcc/arm-atollic-eabi/6.3.1/../../../../arm-atollic-eabi/lib/armv7e-m/fpu\libstdc++_nano.a(si_class_type_info.o)
                0x08006b00                typeinfo name for __cxxabiv1::__si_class_type_info
 *fill*         0x08006b25        0x3 
 .rodata._ZTVN10__cxxabiv120__si_class_type_infoE
                0x08006b28       0x2c c:/program files (x86)/atollic/truestudio for stm32 9.2.0/armtools/bin/../lib/gcc/arm-atollic-eabi/6.3.1/../../../../arm-atollic-eabi/lib/armv7e-m/fpu\libstdc++_nano.a(si_class_type_info.o)
                0x08006b28                vtable for __cxxabiv1::__si_class_type_info
 .rodata._ZTIN10__cxxabiv117__class_type_infoE
                0x08006b54        0xc c:/program files (x86)/atollic/truestudio for stm32 9.2.0/armtools/bin/../lib/gcc/arm-atollic-eabi/6.3.1/../../../../arm-atollic-eabi/lib/armv7e-m/fpu\libstdc++_nano.a(class_type_info.o)
                0x08006b54                typeinfo for __cxxabiv1::__class_type_info
 .rodata._ZTSN10__cxxabiv117__class_type_infoE
                0x08006b60       0x22 c:/program files (x86)/atollic/truestudio for stm32 9.2.0/armtools/bin/../lib/gcc/arm-atollic-eabi/6.3.1/../../../../arm-atollic-eabi/lib/armv7e-m/fpu\libstdc++_nano.a(class_type_info.o)
                0x08006b60                typeinfo name for __cxxabiv1::__class_type_info
 *fill*         0x08006b82        0x2 
 .rodata._ZTVN10__cxxabiv117__class_type_infoE
                0x08006b84       0x2c c:/program files (x86)/atollic/truestudio for stm32 9.2.0/armtools/bin/../lib/gcc/arm-atollic-eabi/6.3.1/../../../../arm-atollic-eabi/lib/armv7e-m/fpu\libstdc++_nano.a(class_type_info.o)
                0x08006b84                vtable for __cxxabiv1::__class_type_info
 .rodata._ZTISt9type_info
                0x08006bb0        0x8 c:/program files (x86)/atollic/truestudio for stm32 9.2.0/armtools/bin/../lib/gcc/arm-atollic-eabi/6.3.1/../../../../arm-atollic-eabi/lib/armv7e-m/fpu\libstdc++_nano.a(tinfo.o)
                0x08006bb0                typeinfo for std::type_info
 .rodata._ZTSSt9type_info
                0x08006bb8        0xd c:/program files (x86)/atollic/truestudio for stm32 9.2.0/armtools/bin/../lib/gcc/arm-atollic-eabi/6.3.1/../../../../arm-atollic-eabi/lib/armv7e-m/fpu\libstdc++_nano.a(tinfo.o)
                0x08006bb8                typeinfo name for std::type_info
 *fill*         0x08006bc5        0x3 
 .rodata._ZTIN10__cxxabiv115__forced_unwindE
                0x08006bc8        0x8 c:/program files (x86)/atollic/truestudio for stm32 9.2.0/armtools/bin/../lib/gcc/arm-atollic-eabi/6.3.1/../../../../arm-atollic-eabi/lib/armv7e-m/fpu\libstdc++_nano.a(eh_exception.o)
                0x08006bc8                typeinfo for __cxxabiv1::__forced_unwind
 .rodata._ZTIN10__cxxabiv119__foreign_exceptionE
                0x08006bd0        0x8 c:/program files (x86)/atollic/truestudio for stm32 9.2.0/armtools/bin/../lib/gcc/arm-atollic-eabi/6.3.1/../../../../arm-atollic-eabi/lib/armv7e-m/fpu\libstdc++_nano.a(eh_exception.o)
                0x08006bd0                typeinfo for __cxxabiv1::__foreign_exception
 .rodata._ZTSN10__cxxabiv115__forced_unwindE
                0x08006bd8       0x20 c:/program files (x86)/atollic/truestudio for stm32 9.2.0/armtools/bin/../lib/gcc/arm-atollic-eabi/6.3.1/../../../../arm-atollic-eabi/lib/armv7e-m/fpu\libstdc++_nano.a(eh_exception.o)
                0x08006bd8                typeinfo name for __cxxabiv1::__forced_unwind
 .rodata._ZTSN10__cxxabiv119__foreign_exceptionE
                0x08006bf8       0x24 c:/program files (x86)/atollic/truestudio for stm32 9.2.0/armtools/bin/../lib/gcc/arm-atollic-eabi/6.3.1/../../../../arm-atollic-eabi/lib/armv7e-m/fpu\libstdc++_nano.a(eh_exception.o)
                0x08006bf8                typeinfo name for __cxxabiv1::__foreign_exception
                0x08006c1c                . = ALIGN (0x4)

.ARM.extab      0x08006c1c       0x64
 *(.ARM.extab* .gnu.linkonce.armextab.*)
 .ARM.extab.text._ZN8MCP23008C2Ev
                0x08006c1c        0xc Drivers\Expanders\MCP\MCP23008\MCP23008.o
 .ARM.extab.text._ZN8MCP23017C2Ev
                0x08006c28        0xc Drivers\Expanders\MCP\MCP23017\MCP23017.o
 .ARM.extab.text.SystemClock_Config
                0x08006c34        0xc Src\main.o
 .ARM.extab.text.HAL_TIM_PeriodElapsedCallback
                0x08006c40        0xc Src\main.o
 .ARM.extab.text._Z41__static_initialization_and_destruction_0ii
                0x08006c4c       0x1a Src\main.o
 *fill*         0x08006c66        0x2 
 .ARM.extab     0x08006c68       0x18 c:/program files (x86)/atollic/truestudio for stm32 9.2.0/armtools/bin/../lib/gcc/arm-atollic-eabi/6.3.1/armv7e-m/fpu\libgcc.a(pr-support.o)

.ARM            0x08006c80      0x108
                0x08006c80                __exidx_start = .
 *(.ARM.exidx*)
 .ARM.exidx.text._ZN8MCP23008C2Ev
                0x08006d38        0x8 Drivers\Expanders\MCP\MCP23008\MCP23008.o
 .ARM.exidx.text._ZN8MCP23008D2Ev
                0x08006d40        0x8 Drivers\Expanders\MCP\MCP23008\MCP23008.o
 .ARM.exidx.text._ZN8MCP23008D0Ev
                0x08006d48        0x0 Drivers\Expanders\MCP\MCP23008\MCP23008.o
                                  0x8 (size before relaxing)
 .ARM.exidx.text._ZN8MCP23017C2Ev
                0x08006d48        0x8 Drivers\Expanders\MCP\MCP23017\MCP23017.o
 .ARM.exidx.text._ZN8MCP23017D2Ev
                0x08006d50        0x8 Drivers\Expanders\MCP\MCP23017\MCP23017.o
 .ARM.exidx.text._ZN8MCP23017D0Ev
                0x08006d58        0x0 Drivers\Expanders\MCP\MCP23017\MCP23017.o
                                  0x8 (size before relaxing)
 .ARM.exidx.text._ZN8MCP230XXC2Ev
                0x08006d58        0x0 Drivers\Expanders\MCP\MCP230XX.o
                                  0x8 (size before relaxing)
 .ARM.exidx.text._ZN8MCP230XXD2Ev
                0x08006d58        0x0 Drivers\Expanders\MCP\MCP230XX.o
                                  0x8 (size before relaxing)
 .ARM.exidx.text._ZN8MCP230XXD0Ev
                0x08006d58        0x0 Drivers\Expanders\MCP\MCP230XX.o
                                  0x8 (size before relaxing)
 .ARM.exidx.text.main
                0x08006d58        0x8 Src\main.o
 .ARM.exidx.text.SystemClock_Config
                0x08006d60        0x8 Src\main.o
 .ARM.exidx.text.HAL_TIM_PeriodElapsedCallback
                0x08006d68        0x8 Src\main.o
 .ARM.exidx.text.Error_Handler
                0x08006d70        0x8 Src\main.o
 .ARM.exidx.text.__tcf_0
                0x08006d78        0x0 Src\main.o
                                  0x8 (size before relaxing)
 .ARM.exidx.text.__tcf_1
                0x08006d78        0x0 Src\main.o
                                  0x8 (size before relaxing)
 .ARM.exidx.text._Z41__static_initialization_and_destruction_0ii
                0x08006d78        0x8 Src\main.o
 .ARM.exidx.text._GLOBAL__sub_I_MCP23008_list
                0x08006d80        0x8 Src\main.o
 .ARM.exidx     0x08006c80        0x8 c:/program files (x86)/atollic/truestudio for stm32 9.2.0/armtools/bin/../lib/gcc/arm-atollic-eabi/6.3.1/armv7e-m/fpu\libgcc.a(_udivmoddi4.o)
 .ARM.exidx     0x08006c88       0x78 c:/program files (x86)/atollic/truestudio for stm32 9.2.0/armtools/bin/../lib/gcc/arm-atollic-eabi/6.3.1/armv7e-m/fpu\libgcc.a(unwind-arm.o)
                                 0xd8 (size before relaxing)
 .ARM.exidx     0x08006d00       0x38 c:/program files (x86)/atollic/truestudio for stm32 9.2.0/armtools/bin/../lib/gcc/arm-atollic-eabi/6.3.1/armv7e-m/fpu\libgcc.a(pr-support.o)
                                 0x48 (size before relaxing)
                0x08006d88                __exidx_end = .

.rel.dyn        0x08006d88        0x0
 .rel.iplt      0x08006d88        0x0 c:/program files (x86)/atollic/truestudio for stm32 9.2.0/armtools/bin/../lib/gcc/arm-atollic-eabi/6.3.1/armv7e-m/fpu/crtbegin.o

.preinit_array  0x08006d88        0x0
                0x08006d88                PROVIDE (__preinit_array_start, .)
 *(.preinit_array*)
                0x08006d88                PROVIDE (__preinit_array_end, .)

.init_array     0x08006d88        0x8
                0x08006d88                PROVIDE (__init_array_start, .)
 *(SORT(.init_array.*))
 *(.init_array*)
 .init_array    0x08006d88        0x4 c:/program files (x86)/atollic/truestudio for stm32 9.2.0/armtools/bin/../lib/gcc/arm-atollic-eabi/6.3.1/armv7e-m/fpu/crtbegin.o
 .init_array    0x08006d8c        0x4 Src\main.o
                0x08006d90                PROVIDE (__init_array_end, .)

.fini_array     0x08006d90        0x4
                [!provide]                PROVIDE (__fini_array_start, .)
 *(SORT(.fini_array.*))
 *(.fini_array*)
 .fini_array    0x08006d90        0x4 c:/program files (x86)/atollic/truestudio for stm32 9.2.0/armtools/bin/../lib/gcc/arm-atollic-eabi/6.3.1/armv7e-m/fpu/crtbegin.o
                [!provide]                PROVIDE (__fini_array_end, .)
                0x08006d94                _sidata = LOADADDR (.data)

.data           0x20000000      0x144 load address 0x08006d94
                0x20000000                . = ALIGN (0x4)
                0x20000000                _sdata = .
 *(.data)
 .data          0x20000000        0x4 c:/program files (x86)/atollic/truestudio for stm32 9.2.0/armtools/bin/../lib/gcc/arm-atollic-eabi/6.3.1/armv7e-m/fpu/crtbegin.o
                0x20000000                __dso_handle
 *(.data*)
 .data.uwTickFreq
                0x20000004        0x1 Drivers\STM32F4xx_HAL_Driver\Src\stm32f4xx_hal.o
                0x20000004                uwTickFreq
 *fill*         0x20000005        0x3 
 .data.USBD_CUSTOM_HID
                0x20000008       0x3c Middlewares\ST\STM32_USB_Device_Library\Class\CustomHID\Src\usbd_customhid.o
                0x20000008                USBD_CUSTOM_HID
 .data.USBD_CUSTOM_HID_CfgDesc
                0x20000044       0x29 Middlewares\ST\STM32_USB_Device_Library\Class\CustomHID\Src\usbd_customhid.o
 *fill*         0x2000006d        0x3 
 .data.USBD_CUSTOM_HID_Desc
                0x20000070        0x9 Middlewares\ST\STM32_USB_Device_Library\Class\CustomHID\Src\usbd_customhid.o
 *fill*         0x20000079        0x3 
 .data.USBD_CUSTOM_HID_DeviceQualifierDesc
                0x2000007c        0xa Middlewares\ST\STM32_USB_Device_Library\Class\CustomHID\Src\usbd_customhid.o
 *fill*         0x20000086        0x2 
 .data.uxCriticalNesting
                0x20000088        0x4 Middlewares\Third_Party\FreeRTOS\Source\portable\GCC\ARM_CM4F\port.o
 .data.SystemCoreClock
                0x2000008c        0x4 Src\system_stm32f4xx.o
                0x2000008c                SystemCoreClock
 .data.CUSTOM_HID_ReportDesc_HS
                0x20000090        0x2 Src\usbd_custom_hid_if.o
 *fill*         0x20000092        0x2 
 .data.USBD_CustomHID_fops_HS
                0x20000094       0x10 Src\usbd_custom_hid_if.o
                0x20000094                USBD_CustomHID_fops_HS
 .data.HS_Desc  0x200000a4       0x1c Src\usbd_desc.o
                0x200000a4                HS_Desc
 .data.USBD_HS_DeviceDesc
                0x200000c0       0x12 Src\usbd_desc.o
                0x200000c0                USBD_HS_DeviceDesc
 *fill*         0x200000d2        0x2 
 .data.USBD_LangIDDesc
                0x200000d4        0x4 Src\usbd_desc.o
                0x200000d4                USBD_LangIDDesc
 .data._ZN10__cxxabiv119__terminate_handlerE
                0x200000d8        0x4 c:/program files (x86)/atollic/truestudio for stm32 9.2.0/armtools/bin/../lib/gcc/arm-atollic-eabi/6.3.1/../../../../arm-atollic-eabi/lib/armv7e-m/fpu\libstdc++_nano.a(eh_term_handler.o)
                0x200000d8                __cxxabiv1::__terminate_handler
 .data._ZN10__cxxabiv120__unexpected_handlerE
                0x200000dc        0x4 c:/program files (x86)/atollic/truestudio for stm32 9.2.0/armtools/bin/../lib/gcc/arm-atollic-eabi/6.3.1/../../../../arm-atollic-eabi/lib/armv7e-m/fpu\libstdc++_nano.a(eh_unex_handler.o)
                0x200000dc                __cxxabiv1::__unexpected_handler
 .data._impure_ptr
                0x200000e0        0x4 c:/program files (x86)/atollic/truestudio for stm32 9.2.0/armtools/bin/../lib/gcc/arm-atollic-eabi/6.3.1/../../../../arm-atollic-eabi/lib/armv7e-m/fpu\libc_nano.a(lib_a-impure.o)
                0x200000e0                _impure_ptr
 .data.impure_data
                0x200000e4       0x60 c:/program files (x86)/atollic/truestudio for stm32 9.2.0/armtools/bin/../lib/gcc/arm-atollic-eabi/6.3.1/../../../../arm-atollic-eabi/lib/armv7e-m/fpu\libc_nano.a(lib_a-impure.o)
                0x20000144                . = ALIGN (0x4)
                0x20000144                _edata = .
                0x08006ed8                _siccmram = LOADADDR (.ccmram)

.igot.plt       0x20000144        0x0 load address 0x08006ed8
 .igot.plt      0x20000144        0x0 c:/program files (x86)/atollic/truestudio for stm32 9.2.0/armtools/bin/../lib/gcc/arm-atollic-eabi/6.3.1/armv7e-m/fpu/crtbegin.o

.ccmram         0x10000000        0x0 load address 0x08006ed8
                0x10000000                . = ALIGN (0x4)
                0x10000000                _sccmram = .
 *(.ccmram)
 *(.ccmram*)
                0x10000000                . = ALIGN (0x4)
                0x10000000                _eccmram = .
                0x10000000                . = ALIGN (0x4)

.bss            0x20000144     0x49fc
                0x20000144                _sbss = .
                0x20000144                __bss_start__ = _sbss
 *(.bss)
 .bss           0x20000144       0x1c c:/program files (x86)/atollic/truestudio for stm32 9.2.0/armtools/bin/../lib/gcc/arm-atollic-eabi/6.3.1/armv7e-m/fpu/crtbegin.o
 *(.bss*)
 .bss.cfgidx.10767
                0x20000160        0x1 Middlewares\ST\STM32_USB_Device_Library\Core\Src\usbd_ctlreq.o
 .bss.ucMaxSysCallPriority
                0x20000161        0x1 Middlewares\Third_Party\FreeRTOS\Source\portable\GCC\ARM_CM4F\port.o
 *fill*         0x20000162        0x2 
 .bss.ulMaxPRIGROUPValue
                0x20000164        0x4 Middlewares\Third_Party\FreeRTOS\Source\portable\GCC\ARM_CM4F\port.o