tm_stm32_dma2d_graphic.c:675:6:TM_INT_DMA2DGRAPHIC_SetMemory.constprop	8	static
tm_stm32_dma2d_graphic.c:76:6:TM_DMA2DGRAPHIC_Init	16	static
tm_stm32_dma2d_graphic.c:100:6:TM_DMA2DGRAPHIC_SetLayer	0	static
tm_stm32_dma2d_graphic.c:106:6:TM_DMA2DGRAPHIC_DrawPixel	20	static
tm_stm32_dma2d_graphic.c:118:10:TM_DMA2DGRAPHIC_GetPixel	20	static
tm_stm32_dma2d_graphic.c:131:6:TM_DMA2DGRAPHIC_SetOrientation	0	static
tm_stm32_dma2d_graphic.c:152:6:TM_DMA2DGRAPHIC_Fill	24	static
tm_stm32_dma2d_graphic.c:610:6:TM_DMA2DGRAPHIC_CopyBufferIT	20	static
tm_stm32_dma2d_graphic.c:601:6:TM_DMA2DGRAPHIC_CopyBuffer	16	static
tm_stm32_dma2d_graphic.c:637:6:TM_INT_DMA2DGRAPHIC_SetConf	0	static
tm_stm32_dma2d_graphic.c:653:6:TM_INT_DMA2DGRAPHIC_InitAndTransfer	24	static
tm_stm32_dma2d_graphic.c:171:6:TM_DMA2DGRAPHIC_DrawFilledRectangle	24	static
tm_stm32_dma2d_graphic.c:307:6:TM_DMA2DGRAPHIC_DrawVerticalLine	24	static
tm_stm32_dma2d_graphic.c:472:6:TM_DMA2DGRAPHIC_DrawCircle	64	static
tm_stm32_dma2d_graphic.c:356:6:TM_DMA2DGRAPHIC_DrawHorizontalLine	24	static
tm_stm32_dma2d_graphic.c:216:6:TM_DMA2DGRAPHIC_DrawRectangle	32	static
tm_stm32_dma2d_graphic.c:406:6:TM_DMA2DGRAPHIC_DrawLine	48	static
tm_stm32_dma2d_graphic.c:461:6:TM_DMA2DGRAPHIC_DrawPolyLine	24	static
tm_stm32_dma2d_graphic.c:537:6:TM_DMA2DGRAPHIC_DrawTriangle	40	static
tm_stm32_dma2d_graphic.c:545:6:TM_DMA2DGRAPHIC_DrawFilledTriangle	64	static
tm_stm32_dma2d_graphic.c:506:6:TM_DMA2DGRAPHIC_DrawFilledCircle	64	static
tm_stm32_dma2d_graphic.c:675:6:TM_INT_DMA2DGRAPHIC_SetMemory	8	static
tm_stm32_dma2d_graphic.c:683:6:TM_INT_DMA2DGRAPHIC_DrawCircleCorner	56	static
tm_stm32_dma2d_graphic.c:226:6:TM_DMA2DGRAPHIC_DrawRoundedRectangle	56	static
tm_stm32_dma2d_graphic.c:722:6:TM_INT_DMA2DGRAPHIC_DrawFilledCircleCorner	64	static
tm_stm32_dma2d_graphic.c:269:6:TM_DMA2DGRAPHIC_DrawFilledRoundedRectangle	56	static
